Traceback (most recent call last):
  File "/home/marc/Projects/klareco/scripts/evaluate_qa.py", line 201, in klareco_system
    results = retriever.search(question, top_k=top_k * 2)
              ^^^^^^^^^^^^^^^^^^^^^^^^^^^^^^^^^^^^^^^^^^^
  File "/home/marc/Projects/klareco/klareco/rag/slot_retriever_hybrid.py", line 330, in search
    faiss_scores, faiss_indices = self.faiss_index.search(query_vector, faiss_top_n)
                                  ^^^^^^^^^^^^^^^^^^^^^^^^^^^^^^^^^^^^^^^^^^^^^^^^^^
  File "/home/marc/.pyenv/versions/3.12.9/lib/python3.12/site-packages/faiss/class_wrappers.py", line 383, in replacement_search
    assert d == self.d
           ^^^^^^^^^^^
AssertionError
Traceback (most recent call last):
  File "/home/marc/Projects/klareco/scripts/evaluate_qa.py", line 201, in klareco_system
    results = retriever.search(question, top_k=top_k * 2)
              ^^^^^^^^^^^^^^^^^^^^^^^^^^^^^^^^^^^^^^^^^^^
  File "/home/marc/Projects/klareco/klareco/rag/slot_retriever_hybrid.py", line 330, in search
    faiss_scores, faiss_indices = self.faiss_index.search(query_vector, faiss_top_n)
                                  ^^^^^^^^^^^^^^^^^^^^^^^^^^^^^^^^^^^^^^^^^^^^^^^^^^
  File "/home/marc/.pyenv/versions/3.12.9/lib/python3.12/site-packages/faiss/class_wrappers.py", line 383, in replacement_search
    assert d == self.d
           ^^^^^^^^^^^
AssertionError
Traceback (most recent call last):
  File "/home/marc/Projects/klareco/scripts/evaluate_qa.py", line 201, in klareco_system
    results = retriever.search(question, top_k=top_k * 2)
              ^^^^^^^^^^^^^^^^^^^^^^^^^^^^^^^^^^^^^^^^^^^
  File "/home/marc/Projects/klareco/klareco/rag/slot_retriever_hybrid.py", line 330, in search
    faiss_scores, faiss_indices = self.faiss_index.search(query_vector, faiss_top_n)
                                  ^^^^^^^^^^^^^^^^^^^^^^^^^^^^^^^^^^^^^^^^^^^^^^^^^^
  File "/home/marc/.pyenv/versions/3.12.9/lib/python3.12/site-packages/faiss/class_wrappers.py", line 383, in replacement_search
    assert d == self.d
           ^^^^^^^^^^^
AssertionError
Traceback (most recent call last):
  File "/home/marc/Projects/klareco/scripts/evaluate_qa.py", line 201, in klareco_system
    results = retriever.search(question, top_k=top_k * 2)
              ^^^^^^^^^^^^^^^^^^^^^^^^^^^^^^^^^^^^^^^^^^^
  File "/home/marc/Projects/klareco/klareco/rag/slot_retriever_hybrid.py", line 330, in search
    faiss_scores, faiss_indices = self.faiss_index.search(query_vector, faiss_top_n)
                                  ^^^^^^^^^^^^^^^^^^^^^^^^^^^^^^^^^^^^^^^^^^^^^^^^^^
  File "/home/marc/.pyenv/versions/3.12.9/lib/python3.12/site-packages/faiss/class_wrappers.py", line 383, in replacement_search
    assert d == self.d
           ^^^^^^^^^^^
AssertionError
Traceback (most recent call last):
  File "/home/marc/Projects/klareco/scripts/evaluate_qa.py", line 201, in klareco_system
    results = retriever.search(question, top_k=top_k * 2)
              ^^^^^^^^^^^^^^^^^^^^^^^^^^^^^^^^^^^^^^^^^^^
  File "/home/marc/Projects/klareco/klareco/rag/slot_retriever_hybrid.py", line 330, in search
    faiss_scores, faiss_indices = self.faiss_index.search(query_vector, faiss_top_n)
                                  ^^^^^^^^^^^^^^^^^^^^^^^^^^^^^^^^^^^^^^^^^^^^^^^^^^
  File "/home/marc/.pyenv/versions/3.12.9/lib/python3.12/site-packages/faiss/class_wrappers.py", line 383, in replacement_search
    assert d == self.d
           ^^^^^^^^^^^
AssertionError
Traceback (most recent call last):
  File "/home/marc/Projects/klareco/scripts/evaluate_qa.py", line 201, in klareco_system
    results = retriever.search(question, top_k=top_k * 2)
              ^^^^^^^^^^^^^^^^^^^^^^^^^^^^^^^^^^^^^^^^^^^
  File "/home/marc/Projects/klareco/klareco/rag/slot_retriever_hybrid.py", line 330, in search
    faiss_scores, faiss_indices = self.faiss_index.search(query_vector, faiss_top_n)
                                  ^^^^^^^^^^^^^^^^^^^^^^^^^^^^^^^^^^^^^^^^^^^^^^^^^^
  File "/home/marc/.pyenv/versions/3.12.9/lib/python3.12/site-packages/faiss/class_wrappers.py", line 383, in replacement_search
    assert d == self.d
           ^^^^^^^^^^^
AssertionError
