Traceback (most recent call last):
  File "/home/marc/Projects/klareco/scripts/evaluate_qa.py", line 201, in klareco_system
    results = retriever.search(question, top_k=top_k * 2)
              ^^^^^^^^^^^^^^^^^^^^^^^^^^^^^^^^^^^^^^^^^^^
  File "/home/marc/Projects/klareco/klareco/rag/slot_retriever_hybrid.py", line 303, in search
    query_full_emb = np.mean(query_word_embs, axis=0).astype(np.float32)
                     ^^^^^^^^^^^^^^^^^^^^^^^^^^^^^^^^
  File "/home/marc/.pyenv/versions/3.12.9/lib/python3.12/site-packages/numpy/_core/fromnumeric.py", line 3860, in mean
    return _methods._mean(a, axis=axis, dtype=dtype,
           ^^^^^^^^^^^^^^^^^^^^^^^^^^^^^^^^^^^^^^^^^
  File "/home/marc/.pyenv/versions/3.12.9/lib/python3.12/site-packages/numpy/_core/_methods.py", line 119, in _mean
    arr = asanyarray(a)
          ^^^^^^^^^^^^^
ValueError: setting an array element with a sequence. The requested array has an inhomogeneous shape after 1 dimensions. The detected shape was (5,) + inhomogeneous part.
Traceback (most recent call last):
  File "/home/marc/Projects/klareco/scripts/evaluate_qa.py", line 201, in klareco_system
    results = retriever.search(question, top_k=top_k * 2)
              ^^^^^^^^^^^^^^^^^^^^^^^^^^^^^^^^^^^^^^^^^^^
  File "/home/marc/Projects/klareco/klareco/rag/slot_retriever_hybrid.py", line 303, in search
    query_full_emb = np.mean(query_word_embs, axis=0).astype(np.float32)
                     ^^^^^^^^^^^^^^^^^^^^^^^^^^^^^^^^
  File "/home/marc/.pyenv/versions/3.12.9/lib/python3.12/site-packages/numpy/_core/fromnumeric.py", line 3860, in mean
    return _methods._mean(a, axis=axis, dtype=dtype,
           ^^^^^^^^^^^^^^^^^^^^^^^^^^^^^^^^^^^^^^^^^
  File "/home/marc/.pyenv/versions/3.12.9/lib/python3.12/site-packages/numpy/_core/_methods.py", line 119, in _mean
    arr = asanyarray(a)
          ^^^^^^^^^^^^^
ValueError: setting an array element with a sequence. The requested array has an inhomogeneous shape after 1 dimensions. The detected shape was (4,) + inhomogeneous part.
Traceback (most recent call last):
  File "/home/marc/Projects/klareco/scripts/evaluate_qa.py", line 201, in klareco_system
    results = retriever.search(question, top_k=top_k * 2)
              ^^^^^^^^^^^^^^^^^^^^^^^^^^^^^^^^^^^^^^^^^^^
  File "/home/marc/Projects/klareco/klareco/rag/slot_retriever_hybrid.py", line 303, in search
    query_full_emb = np.mean(query_word_embs, axis=0).astype(np.float32)
                     ^^^^^^^^^^^^^^^^^^^^^^^^^^^^^^^^
  File "/home/marc/.pyenv/versions/3.12.9/lib/python3.12/site-packages/numpy/_core/fromnumeric.py", line 3860, in mean
    return _methods._mean(a, axis=axis, dtype=dtype,
           ^^^^^^^^^^^^^^^^^^^^^^^^^^^^^^^^^^^^^^^^^
  File "/home/marc/.pyenv/versions/3.12.9/lib/python3.12/site-packages/numpy/_core/_methods.py", line 119, in _mean
    arr = asanyarray(a)
          ^^^^^^^^^^^^^
ValueError: setting an array element with a sequence. The requested array has an inhomogeneous shape after 1 dimensions. The detected shape was (4,) + inhomogeneous part.
Traceback (most recent call last):
  File "/home/marc/Projects/klareco/scripts/evaluate_qa.py", line 201, in klareco_system
    results = retriever.search(question, top_k=top_k * 2)
              ^^^^^^^^^^^^^^^^^^^^^^^^^^^^^^^^^^^^^^^^^^^
  File "/home/marc/Projects/klareco/klareco/rag/slot_retriever_hybrid.py", line 303, in search
    query_full_emb = np.mean(query_word_embs, axis=0).astype(np.float32)
                     ^^^^^^^^^^^^^^^^^^^^^^^^^^^^^^^^
  File "/home/marc/.pyenv/versions/3.12.9/lib/python3.12/site-packages/numpy/_core/fromnumeric.py", line 3860, in mean
    return _methods._mean(a, axis=axis, dtype=dtype,
           ^^^^^^^^^^^^^^^^^^^^^^^^^^^^^^^^^^^^^^^^^
  File "/home/marc/.pyenv/versions/3.12.9/lib/python3.12/site-packages/numpy/_core/_methods.py", line 119, in _mean
    arr = asanyarray(a)
          ^^^^^^^^^^^^^
ValueError: setting an array element with a sequence. The requested array has an inhomogeneous shape after 1 dimensions. The detected shape was (4,) + inhomogeneous part.
Traceback (most recent call last):
  File "/home/marc/Projects/klareco/scripts/evaluate_qa.py", line 201, in klareco_system
    results = retriever.search(question, top_k=top_k * 2)
              ^^^^^^^^^^^^^^^^^^^^^^^^^^^^^^^^^^^^^^^^^^^
  File "/home/marc/Projects/klareco/klareco/rag/slot_retriever_hybrid.py", line 303, in search
    query_full_emb = np.mean(query_word_embs, axis=0).astype(np.float32)
                     ^^^^^^^^^^^^^^^^^^^^^^^^^^^^^^^^
  File "/home/marc/.pyenv/versions/3.12.9/lib/python3.12/site-packages/numpy/_core/fromnumeric.py", line 3860, in mean
    return _methods._mean(a, axis=axis, dtype=dtype,
           ^^^^^^^^^^^^^^^^^^^^^^^^^^^^^^^^^^^^^^^^^
  File "/home/marc/.pyenv/versions/3.12.9/lib/python3.12/site-packages/numpy/_core/_methods.py", line 119, in _mean
    arr = asanyarray(a)
          ^^^^^^^^^^^^^
ValueError: setting an array element with a sequence. The requested array has an inhomogeneous shape after 1 dimensions. The detected shape was (4,) + inhomogeneous part.
Traceback (most recent call last):
  File "/home/marc/Projects/klareco/scripts/evaluate_qa.py", line 201, in klareco_system
    results = retriever.search(question, top_k=top_k * 2)
              ^^^^^^^^^^^^^^^^^^^^^^^^^^^^^^^^^^^^^^^^^^^
  File "/home/marc/Projects/klareco/klareco/rag/slot_retriever_hybrid.py", line 303, in search
    query_full_emb = np.mean(query_word_embs, axis=0).astype(np.float32)
                     ^^^^^^^^^^^^^^^^^^^^^^^^^^^^^^^^
  File "/home/marc/.pyenv/versions/3.12.9/lib/python3.12/site-packages/numpy/_core/fromnumeric.py", line 3860, in mean
    return _methods._mean(a, axis=axis, dtype=dtype,
           ^^^^^^^^^^^^^^^^^^^^^^^^^^^^^^^^^^^^^^^^^
  File "/home/marc/.pyenv/versions/3.12.9/lib/python3.12/site-packages/numpy/_core/_methods.py", line 119, in _mean
    arr = asanyarray(a)
          ^^^^^^^^^^^^^
ValueError: setting an array element with a sequence. The requested array has an inhomogeneous shape after 1 dimensions. The detected shape was (4,) + inhomogeneous part.
Traceback (most recent call last):
  File "/home/marc/Projects/klareco/scripts/evaluate_qa.py", line 201, in klareco_system
    results = retriever.search(question, top_k=top_k * 2)
              ^^^^^^^^^^^^^^^^^^^^^^^^^^^^^^^^^^^^^^^^^^^
  File "/home/marc/Projects/klareco/klareco/rag/slot_retriever_hybrid.py", line 303, in search
    query_full_emb = np.mean(query_word_embs, axis=0).astype(np.float32)
                     ^^^^^^^^^^^^^^^^^^^^^^^^^^^^^^^^
  File "/home/marc/.pyenv/versions/3.12.9/lib/python3.12/site-packages/numpy/_core/fromnumeric.py", line 3860, in mean
    return _methods._mean(a, axis=axis, dtype=dtype,
           ^^^^^^^^^^^^^^^^^^^^^^^^^^^^^^^^^^^^^^^^^
  File "/home/marc/.pyenv/versions/3.12.9/lib/python3.12/site-packages/numpy/_core/_methods.py", line 119, in _mean
    arr = asanyarray(a)
          ^^^^^^^^^^^^^
ValueError: setting an array element with a sequence. The requested array has an inhomogeneous shape after 1 dimensions. The detected shape was (4,) + inhomogeneous part.
Traceback (most recent call last):
  File "/home/marc/Projects/klareco/scripts/evaluate_qa.py", line 201, in klareco_system
    results = retriever.search(question, top_k=top_k * 2)
              ^^^^^^^^^^^^^^^^^^^^^^^^^^^^^^^^^^^^^^^^^^^
  File "/home/marc/Projects/klareco/klareco/rag/slot_retriever_hybrid.py", line 303, in search
    query_full_emb = np.mean(query_word_embs, axis=0).astype(np.float32)
                     ^^^^^^^^^^^^^^^^^^^^^^^^^^^^^^^^
  File "/home/marc/.pyenv/versions/3.12.9/lib/python3.12/site-packages/numpy/_core/fromnumeric.py", line 3860, in mean
    return _methods._mean(a, axis=axis, dtype=dtype,
           ^^^^^^^^^^^^^^^^^^^^^^^^^^^^^^^^^^^^^^^^^
  File "/home/marc/.pyenv/versions/3.12.9/lib/python3.12/site-packages/numpy/_core/_methods.py", line 119, in _mean
    arr = asanyarray(a)
          ^^^^^^^^^^^^^
ValueError: setting an array element with a sequence. The requested array has an inhomogeneous shape after 1 dimensions. The detected shape was (5,) + inhomogeneous part.
Traceback (most recent call last):
  File "/home/marc/Projects/klareco/scripts/evaluate_qa.py", line 201, in klareco_system
    results = retriever.search(question, top_k=top_k * 2)
              ^^^^^^^^^^^^^^^^^^^^^^^^^^^^^^^^^^^^^^^^^^^
  File "/home/marc/Projects/klareco/klareco/rag/slot_retriever_hybrid.py", line 303, in search
    query_full_emb = np.mean(query_word_embs, axis=0).astype(np.float32)
                     ^^^^^^^^^^^^^^^^^^^^^^^^^^^^^^^^
  File "/home/marc/.pyenv/versions/3.12.9/lib/python3.12/site-packages/numpy/_core/fromnumeric.py", line 3860, in mean
    return _methods._mean(a, axis=axis, dtype=dtype,
           ^^^^^^^^^^^^^^^^^^^^^^^^^^^^^^^^^^^^^^^^^
  File "/home/marc/.pyenv/versions/3.12.9/lib/python3.12/site-packages/numpy/_core/_methods.py", line 119, in _mean
    arr = asanyarray(a)
          ^^^^^^^^^^^^^
ValueError: setting an array element with a sequence. The requested array has an inhomogeneous shape after 1 dimensions. The detected shape was (4,) + inhomogeneous part.
Traceback (most recent call last):
  File "/home/marc/Projects/klareco/scripts/evaluate_qa.py", line 201, in klareco_system
    results = retriever.search(question, top_k=top_k * 2)
              ^^^^^^^^^^^^^^^^^^^^^^^^^^^^^^^^^^^^^^^^^^^
  File "/home/marc/Projects/klareco/klareco/rag/slot_retriever_hybrid.py", line 303, in search
    query_full_emb = np.mean(query_word_embs, axis=0).astype(np.float32)
                     ^^^^^^^^^^^^^^^^^^^^^^^^^^^^^^^^
  File "/home/marc/.pyenv/versions/3.12.9/lib/python3.12/site-packages/numpy/_core/fromnumeric.py", line 3860, in mean
    return _methods._mean(a, axis=axis, dtype=dtype,
           ^^^^^^^^^^^^^^^^^^^^^^^^^^^^^^^^^^^^^^^^^
  File "/home/marc/.pyenv/versions/3.12.9/lib/python3.12/site-packages/numpy/_core/_methods.py", line 119, in _mean
    arr = asanyarray(a)
          ^^^^^^^^^^^^^
ValueError: setting an array element with a sequence. The requested array has an inhomogeneous shape after 1 dimensions. The detected shape was (4,) + inhomogeneous part.
Traceback (most recent call last):
  File "/home/marc/Projects/klareco/scripts/evaluate_qa.py", line 201, in klareco_system
    results = retriever.search(question, top_k=top_k * 2)
              ^^^^^^^^^^^^^^^^^^^^^^^^^^^^^^^^^^^^^^^^^^^
  File "/home/marc/Projects/klareco/klareco/rag/slot_retriever_hybrid.py", line 303, in search
    query_full_emb = np.mean(query_word_embs, axis=0).astype(np.float32)
                     ^^^^^^^^^^^^^^^^^^^^^^^^^^^^^^^^
  File "/home/marc/.pyenv/versions/3.12.9/lib/python3.12/site-packages/numpy/_core/fromnumeric.py", line 3860, in mean
    return _methods._mean(a, axis=axis, dtype=dtype,
           ^^^^^^^^^^^^^^^^^^^^^^^^^^^^^^^^^^^^^^^^^
  File "/home/marc/.pyenv/versions/3.12.9/lib/python3.12/site-packages/numpy/_core/_methods.py", line 119, in _mean
    arr = asanyarray(a)
          ^^^^^^^^^^^^^
ValueError: setting an array element with a sequence. The requested array has an inhomogeneous shape after 1 dimensions. The detected shape was (4,) + inhomogeneous part.
Traceback (most recent call last):
  File "/home/marc/Projects/klareco/scripts/evaluate_qa.py", line 201, in klareco_system
    results = retriever.search(question, top_k=top_k * 2)
              ^^^^^^^^^^^^^^^^^^^^^^^^^^^^^^^^^^^^^^^^^^^
  File "/home/marc/Projects/klareco/klareco/rag/slot_retriever_hybrid.py", line 303, in search
    query_full_emb = np.mean(query_word_embs, axis=0).astype(np.float32)
                     ^^^^^^^^^^^^^^^^^^^^^^^^^^^^^^^^
  File "/home/marc/.pyenv/versions/3.12.9/lib/python3.12/site-packages/numpy/_core/fromnumeric.py", line 3860, in mean
    return _methods._mean(a, axis=axis, dtype=dtype,
           ^^^^^^^^^^^^^^^^^^^^^^^^^^^^^^^^^^^^^^^^^
  File "/home/marc/.pyenv/versions/3.12.9/lib/python3.12/site-packages/numpy/_core/_methods.py", line 119, in _mean
    arr = asanyarray(a)
          ^^^^^^^^^^^^^
ValueError: setting an array element with a sequence. The requested array has an inhomogeneous shape after 1 dimensions. The detected shape was (4,) + inhomogeneous part.
Traceback (most recent call last):
  File "/home/marc/Projects/klareco/scripts/evaluate_qa.py", line 201, in klareco_system
    results = retriever.search(question, top_k=top_k * 2)
              ^^^^^^^^^^^^^^^^^^^^^^^^^^^^^^^^^^^^^^^^^^^
  File "/home/marc/Projects/klareco/klareco/rag/slot_retriever_hybrid.py", line 303, in search
    query_full_emb = np.mean(query_word_embs, axis=0).astype(np.float32)
                     ^^^^^^^^^^^^^^^^^^^^^^^^^^^^^^^^
  File "/home/marc/.pyenv/versions/3.12.9/lib/python3.12/site-packages/numpy/_core/fromnumeric.py", line 3860, in mean
    return _methods._mean(a, axis=axis, dtype=dtype,
           ^^^^^^^^^^^^^^^^^^^^^^^^^^^^^^^^^^^^^^^^^
  File "/home/marc/.pyenv/versions/3.12.9/lib/python3.12/site-packages/numpy/_core/_methods.py", line 119, in _mean
    arr = asanyarray(a)
          ^^^^^^^^^^^^^
ValueError: setting an array element with a sequence. The requested array has an inhomogeneous shape after 1 dimensions. The detected shape was (4,) + inhomogeneous part.
Traceback (most recent call last):
  File "/home/marc/Projects/klareco/scripts/evaluate_qa.py", line 201, in klareco_system
    results = retriever.search(question, top_k=top_k * 2)
              ^^^^^^^^^^^^^^^^^^^^^^^^^^^^^^^^^^^^^^^^^^^
  File "/home/marc/Projects/klareco/klareco/rag/slot_retriever_hybrid.py", line 303, in search
    query_full_emb = np.mean(query_word_embs, axis=0).astype(np.float32)
                     ^^^^^^^^^^^^^^^^^^^^^^^^^^^^^^^^
  File "/home/marc/.pyenv/versions/3.12.9/lib/python3.12/site-packages/numpy/_core/fromnumeric.py", line 3860, in mean
    return _methods._mean(a, axis=axis, dtype=dtype,
           ^^^^^^^^^^^^^^^^^^^^^^^^^^^^^^^^^^^^^^^^^
  File "/home/marc/.pyenv/versions/3.12.9/lib/python3.12/site-packages/numpy/_core/_methods.py", line 119, in _mean
    arr = asanyarray(a)
          ^^^^^^^^^^^^^
ValueError: setting an array element with a sequence. The requested array has an inhomogeneous shape after 1 dimensions. The detected shape was (4,) + inhomogeneous part.
Traceback (most recent call last):
  File "/home/marc/Projects/klareco/scripts/evaluate_qa.py", line 201, in klareco_system
    results = retriever.search(question, top_k=top_k * 2)
              ^^^^^^^^^^^^^^^^^^^^^^^^^^^^^^^^^^^^^^^^^^^
  File "/home/marc/Projects/klareco/klareco/rag/slot_retriever_hybrid.py", line 303, in search
    query_full_emb = np.mean(query_word_embs, axis=0).astype(np.float32)
                     ^^^^^^^^^^^^^^^^^^^^^^^^^^^^^^^^
  File "/home/marc/.pyenv/versions/3.12.9/lib/python3.12/site-packages/numpy/_core/fromnumeric.py", line 3860, in mean
    return _methods._mean(a, axis=axis, dtype=dtype,
           ^^^^^^^^^^^^^^^^^^^^^^^^^^^^^^^^^^^^^^^^^
  File "/home/marc/.pyenv/versions/3.12.9/lib/python3.12/site-packages/numpy/_core/_methods.py", line 119, in _mean
    arr = asanyarray(a)
          ^^^^^^^^^^^^^
ValueError: setting an array element with a sequence. The requested array has an inhomogeneous shape after 1 dimensions. The detected shape was (4,) + inhomogeneous part.
Traceback (most recent call last):
  File "/home/marc/Projects/klareco/scripts/evaluate_qa.py", line 201, in klareco_system
    results = retriever.search(question, top_k=top_k * 2)
              ^^^^^^^^^^^^^^^^^^^^^^^^^^^^^^^^^^^^^^^^^^^
  File "/home/marc/Projects/klareco/klareco/rag/slot_retriever_hybrid.py", line 303, in search
    query_full_emb = np.mean(query_word_embs, axis=0).astype(np.float32)
                     ^^^^^^^^^^^^^^^^^^^^^^^^^^^^^^^^
  File "/home/marc/.pyenv/versions/3.12.9/lib/python3.12/site-packages/numpy/_core/fromnumeric.py", line 3860, in mean
    return _methods._mean(a, axis=axis, dtype=dtype,
           ^^^^^^^^^^^^^^^^^^^^^^^^^^^^^^^^^^^^^^^^^
  File "/home/marc/.pyenv/versions/3.12.9/lib/python3.12/site-packages/numpy/_core/_methods.py", line 119, in _mean
    arr = asanyarray(a)
          ^^^^^^^^^^^^^
ValueError: setting an array element with a sequence. The requested array has an inhomogeneous shape after 1 dimensions. The detected shape was (4,) + inhomogeneous part.
Traceback (most recent call last):
  File "/home/marc/Projects/klareco/scripts/evaluate_qa.py", line 201, in klareco_system
    results = retriever.search(question, top_k=top_k * 2)
              ^^^^^^^^^^^^^^^^^^^^^^^^^^^^^^^^^^^^^^^^^^^
  File "/home/marc/Projects/klareco/klareco/rag/slot_retriever_hybrid.py", line 303, in search
    query_full_emb = np.mean(query_word_embs, axis=0).astype(np.float32)
                     ^^^^^^^^^^^^^^^^^^^^^^^^^^^^^^^^
  File "/home/marc/.pyenv/versions/3.12.9/lib/python3.12/site-packages/numpy/_core/fromnumeric.py", line 3860, in mean
    return _methods._mean(a, axis=axis, dtype=dtype,
           ^^^^^^^^^^^^^^^^^^^^^^^^^^^^^^^^^^^^^^^^^
  File "/home/marc/.pyenv/versions/3.12.9/lib/python3.12/site-packages/numpy/_core/_methods.py", line 119, in _mean
    arr = asanyarray(a)
          ^^^^^^^^^^^^^
ValueError: setting an array element with a sequence. The requested array has an inhomogeneous shape after 1 dimensions. The detected shape was (4,) + inhomogeneous part.
Traceback (most recent call last):
  File "/home/marc/Projects/klareco/scripts/evaluate_qa.py", line 201, in klareco_system
    results = retriever.search(question, top_k=top_k * 2)
              ^^^^^^^^^^^^^^^^^^^^^^^^^^^^^^^^^^^^^^^^^^^
  File "/home/marc/Projects/klareco/klareco/rag/slot_retriever_hybrid.py", line 303, in search
    query_full_emb = np.mean(query_word_embs, axis=0).astype(np.float32)
                     ^^^^^^^^^^^^^^^^^^^^^^^^^^^^^^^^
  File "/home/marc/.pyenv/versions/3.12.9/lib/python3.12/site-packages/numpy/_core/fromnumeric.py", line 3860, in mean
    return _methods._mean(a, axis=axis, dtype=dtype,
           ^^^^^^^^^^^^^^^^^^^^^^^^^^^^^^^^^^^^^^^^^
  File "/home/marc/.pyenv/versions/3.12.9/lib/python3.12/site-packages/numpy/_core/_methods.py", line 119, in _mean
    arr = asanyarray(a)
          ^^^^^^^^^^^^^
ValueError: setting an array element with a sequence. The requested array has an inhomogeneous shape after 1 dimensions. The detected shape was (4,) + inhomogeneous part.
Traceback (most recent call last):
  File "/home/marc/Projects/klareco/scripts/evaluate_qa.py", line 201, in klareco_system
    results = retriever.search(question, top_k=top_k * 2)
              ^^^^^^^^^^^^^^^^^^^^^^^^^^^^^^^^^^^^^^^^^^^
  File "/home/marc/Projects/klareco/klareco/rag/slot_retriever_hybrid.py", line 303, in search
    query_full_emb = np.mean(query_word_embs, axis=0).astype(np.float32)
                     ^^^^^^^^^^^^^^^^^^^^^^^^^^^^^^^^
  File "/home/marc/.pyenv/versions/3.12.9/lib/python3.12/site-packages/numpy/_core/fromnumeric.py", line 3860, in mean
    return _methods._mean(a, axis=axis, dtype=dtype,
           ^^^^^^^^^^^^^^^^^^^^^^^^^^^^^^^^^^^^^^^^^
  File "/home/marc/.pyenv/versions/3.12.9/lib/python3.12/site-packages/numpy/_core/_methods.py", line 119, in _mean
    arr = asanyarray(a)
          ^^^^^^^^^^^^^
ValueError: setting an array element with a sequence. The requested array has an inhomogeneous shape after 1 dimensions. The detected shape was (4,) + inhomogeneous part.
Traceback (most recent call last):
  File "/home/marc/Projects/klareco/scripts/evaluate_qa.py", line 201, in klareco_system
    results = retriever.search(question, top_k=top_k * 2)
              ^^^^^^^^^^^^^^^^^^^^^^^^^^^^^^^^^^^^^^^^^^^
  File "/home/marc/Projects/klareco/klareco/rag/slot_retriever_hybrid.py", line 303, in search
    query_full_emb = np.mean(query_word_embs, axis=0).astype(np.float32)
                     ^^^^^^^^^^^^^^^^^^^^^^^^^^^^^^^^
  File "/home/marc/.pyenv/versions/3.12.9/lib/python3.12/site-packages/numpy/_core/fromnumeric.py", line 3860, in mean
    return _methods._mean(a, axis=axis, dtype=dtype,
           ^^^^^^^^^^^^^^^^^^^^^^^^^^^^^^^^^^^^^^^^^
  File "/home/marc/.pyenv/versions/3.12.9/lib/python3.12/site-packages/numpy/_core/_methods.py", line 119, in _mean
    arr = asanyarray(a)
          ^^^^^^^^^^^^^
ValueError: setting an array element with a sequence. The requested array has an inhomogeneous shape after 1 dimensions. The detected shape was (4,) + inhomogeneous part.
Traceback (most recent call last):
  File "/home/marc/Projects/klareco/scripts/evaluate_qa.py", line 201, in klareco_system
    results = retriever.search(question, top_k=top_k * 2)
              ^^^^^^^^^^^^^^^^^^^^^^^^^^^^^^^^^^^^^^^^^^^
  File "/home/marc/Projects/klareco/klareco/rag/slot_retriever_hybrid.py", line 303, in search
    query_full_emb = np.mean(query_word_embs, axis=0).astype(np.float32)
                     ^^^^^^^^^^^^^^^^^^^^^^^^^^^^^^^^
  File "/home/marc/.pyenv/versions/3.12.9/lib/python3.12/site-packages/numpy/_core/fromnumeric.py", line 3860, in mean
    return _methods._mean(a, axis=axis, dtype=dtype,
           ^^^^^^^^^^^^^^^^^^^^^^^^^^^^^^^^^^^^^^^^^
  File "/home/marc/.pyenv/versions/3.12.9/lib/python3.12/site-packages/numpy/_core/_methods.py", line 119, in _mean
    arr = asanyarray(a)
          ^^^^^^^^^^^^^
ValueError: setting an array element with a sequence. The requested array has an inhomogeneous shape after 1 dimensions. The detected shape was (5,) + inhomogeneous part.
Traceback (most recent call last):
  File "/home/marc/Projects/klareco/scripts/evaluate_qa.py", line 201, in klareco_system
    results = retriever.search(question, top_k=top_k * 2)
              ^^^^^^^^^^^^^^^^^^^^^^^^^^^^^^^^^^^^^^^^^^^
  File "/home/marc/Projects/klareco/klareco/rag/slot_retriever_hybrid.py", line 303, in search
    query_full_emb = np.mean(query_word_embs, axis=0).astype(np.float32)
                     ^^^^^^^^^^^^^^^^^^^^^^^^^^^^^^^^
  File "/home/marc/.pyenv/versions/3.12.9/lib/python3.12/site-packages/numpy/_core/fromnumeric.py", line 3860, in mean
    return _methods._mean(a, axis=axis, dtype=dtype,
           ^^^^^^^^^^^^^^^^^^^^^^^^^^^^^^^^^^^^^^^^^
  File "/home/marc/.pyenv/versions/3.12.9/lib/python3.12/site-packages/numpy/_core/_methods.py", line 119, in _mean
    arr = asanyarray(a)
          ^^^^^^^^^^^^^
ValueError: setting an array element with a sequence. The requested array has an inhomogeneous shape after 1 dimensions. The detected shape was (5,) + inhomogeneous part.
Traceback (most recent call last):
  File "/home/marc/Projects/klareco/scripts/evaluate_qa.py", line 201, in klareco_system
    results = retriever.search(question, top_k=top_k * 2)
              ^^^^^^^^^^^^^^^^^^^^^^^^^^^^^^^^^^^^^^^^^^^
  File "/home/marc/Projects/klareco/klareco/rag/slot_retriever_hybrid.py", line 303, in search
    query_full_emb = np.mean(query_word_embs, axis=0).astype(np.float32)
                     ^^^^^^^^^^^^^^^^^^^^^^^^^^^^^^^^
  File "/home/marc/.pyenv/versions/3.12.9/lib/python3.12/site-packages/numpy/_core/fromnumeric.py", line 3860, in mean
    return _methods._mean(a, axis=axis, dtype=dtype,
           ^^^^^^^^^^^^^^^^^^^^^^^^^^^^^^^^^^^^^^^^^
  File "/home/marc/.pyenv/versions/3.12.9/lib/python3.12/site-packages/numpy/_core/_methods.py", line 119, in _mean
    arr = asanyarray(a)
          ^^^^^^^^^^^^^
ValueError: setting an array element with a sequence. The requested array has an inhomogeneous shape after 1 dimensions. The detected shape was (5,) + inhomogeneous part.
Traceback (most recent call last):
  File "/home/marc/Projects/klareco/scripts/evaluate_qa.py", line 201, in klareco_system
    results = retriever.search(question, top_k=top_k * 2)
              ^^^^^^^^^^^^^^^^^^^^^^^^^^^^^^^^^^^^^^^^^^^
  File "/home/marc/Projects/klareco/klareco/rag/slot_retriever_hybrid.py", line 303, in search
    query_full_emb = np.mean(query_word_embs, axis=0).astype(np.float32)
                     ^^^^^^^^^^^^^^^^^^^^^^^^^^^^^^^^
  File "/home/marc/.pyenv/versions/3.12.9/lib/python3.12/site-packages/numpy/_core/fromnumeric.py", line 3860, in mean
    return _methods._mean(a, axis=axis, dtype=dtype,
           ^^^^^^^^^^^^^^^^^^^^^^^^^^^^^^^^^^^^^^^^^
  File "/home/marc/.pyenv/versions/3.12.9/lib/python3.12/site-packages/numpy/_core/_methods.py", line 119, in _mean
    arr = asanyarray(a)
          ^^^^^^^^^^^^^
ValueError: setting an array element with a sequence. The requested array has an inhomogeneous shape after 1 dimensions. The detected shape was (4,) + inhomogeneous part.
Traceback (most recent call last):
  File "/home/marc/Projects/klareco/scripts/evaluate_qa.py", line 201, in klareco_system
    results = retriever.search(question, top_k=top_k * 2)
              ^^^^^^^^^^^^^^^^^^^^^^^^^^^^^^^^^^^^^^^^^^^
  File "/home/marc/Projects/klareco/klareco/rag/slot_retriever_hybrid.py", line 303, in search
    query_full_emb = np.mean(query_word_embs, axis=0).astype(np.float32)
                     ^^^^^^^^^^^^^^^^^^^^^^^^^^^^^^^^
  File "/home/marc/.pyenv/versions/3.12.9/lib/python3.12/site-packages/numpy/_core/fromnumeric.py", line 3860, in mean
    return _methods._mean(a, axis=axis, dtype=dtype,
           ^^^^^^^^^^^^^^^^^^^^^^^^^^^^^^^^^^^^^^^^^
  File "/home/marc/.pyenv/versions/3.12.9/lib/python3.12/site-packages/numpy/_core/_methods.py", line 119, in _mean
    arr = asanyarray(a)
          ^^^^^^^^^^^^^
ValueError: setting an array element with a sequence. The requested array has an inhomogeneous shape after 1 dimensions. The detected shape was (5,) + inhomogeneous part.
Traceback (most recent call last):
  File "/home/marc/Projects/klareco/scripts/evaluate_qa.py", line 201, in klareco_system
    results = retriever.search(question, top_k=top_k * 2)
              ^^^^^^^^^^^^^^^^^^^^^^^^^^^^^^^^^^^^^^^^^^^
  File "/home/marc/Projects/klareco/klareco/rag/slot_retriever_hybrid.py", line 303, in search
    query_full_emb = np.mean(query_word_embs, axis=0).astype(np.float32)
                     ^^^^^^^^^^^^^^^^^^^^^^^^^^^^^^^^
  File "/home/marc/.pyenv/versions/3.12.9/lib/python3.12/site-packages/numpy/_core/fromnumeric.py", line 3860, in mean
    return _methods._mean(a, axis=axis, dtype=dtype,
           ^^^^^^^^^^^^^^^^^^^^^^^^^^^^^^^^^^^^^^^^^
  File "/home/marc/.pyenv/versions/3.12.9/lib/python3.12/site-packages/numpy/_core/_methods.py", line 119, in _mean
    arr = asanyarray(a)
          ^^^^^^^^^^^^^
ValueError: setting an array element with a sequence. The requested array has an inhomogeneous shape after 1 dimensions. The detected shape was (4,) + inhomogeneous part.
Traceback (most recent call last):
  File "/home/marc/Projects/klareco/scripts/evaluate_qa.py", line 201, in klareco_system
    results = retriever.search(question, top_k=top_k * 2)
              ^^^^^^^^^^^^^^^^^^^^^^^^^^^^^^^^^^^^^^^^^^^
  File "/home/marc/Projects/klareco/klareco/rag/slot_retriever_hybrid.py", line 303, in search
    query_full_emb = np.mean(query_word_embs, axis=0).astype(np.float32)
                     ^^^^^^^^^^^^^^^^^^^^^^^^^^^^^^^^
  File "/home/marc/.pyenv/versions/3.12.9/lib/python3.12/site-packages/numpy/_core/fromnumeric.py", line 3860, in mean
    return _methods._mean(a, axis=axis, dtype=dtype,
           ^^^^^^^^^^^^^^^^^^^^^^^^^^^^^^^^^^^^^^^^^
  File "/home/marc/.pyenv/versions/3.12.9/lib/python3.12/site-packages/numpy/_core/_methods.py", line 119, in _mean
    arr = asanyarray(a)
          ^^^^^^^^^^^^^
ValueError: setting an array element with a sequence. The requested array has an inhomogeneous shape after 1 dimensions. The detected shape was (5,) + inhomogeneous part.
Traceback (most recent call last):
  File "/home/marc/Projects/klareco/scripts/evaluate_qa.py", line 201, in klareco_system
    results = retriever.search(question, top_k=top_k * 2)
              ^^^^^^^^^^^^^^^^^^^^^^^^^^^^^^^^^^^^^^^^^^^
  File "/home/marc/Projects/klareco/klareco/rag/slot_retriever_hybrid.py", line 303, in search
    query_full_emb = np.mean(query_word_embs, axis=0).astype(np.float32)
                     ^^^^^^^^^^^^^^^^^^^^^^^^^^^^^^^^
  File "/home/marc/.pyenv/versions/3.12.9/lib/python3.12/site-packages/numpy/_core/fromnumeric.py", line 3860, in mean
    return _methods._mean(a, axis=axis, dtype=dtype,
           ^^^^^^^^^^^^^^^^^^^^^^^^^^^^^^^^^^^^^^^^^
  File "/home/marc/.pyenv/versions/3.12.9/lib/python3.12/site-packages/numpy/_core/_methods.py", line 119, in _mean
    arr = asanyarray(a)
          ^^^^^^^^^^^^^
ValueError: setting an array element with a sequence. The requested array has an inhomogeneous shape after 1 dimensions. The detected shape was (4,) + inhomogeneous part.
Traceback (most recent call last):
  File "/home/marc/Projects/klareco/scripts/evaluate_qa.py", line 201, in klareco_system
    results = retriever.search(question, top_k=top_k * 2)
              ^^^^^^^^^^^^^^^^^^^^^^^^^^^^^^^^^^^^^^^^^^^
  File "/home/marc/Projects/klareco/klareco/rag/slot_retriever_hybrid.py", line 303, in search
    query_full_emb = np.mean(query_word_embs, axis=0).astype(np.float32)
                     ^^^^^^^^^^^^^^^^^^^^^^^^^^^^^^^^
  File "/home/marc/.pyenv/versions/3.12.9/lib/python3.12/site-packages/numpy/_core/fromnumeric.py", line 3860, in mean
    return _methods._mean(a, axis=axis, dtype=dtype,
           ^^^^^^^^^^^^^^^^^^^^^^^^^^^^^^^^^^^^^^^^^
  File "/home/marc/.pyenv/versions/3.12.9/lib/python3.12/site-packages/numpy/_core/_methods.py", line 119, in _mean
    arr = asanyarray(a)
          ^^^^^^^^^^^^^
ValueError: setting an array element with a sequence. The requested array has an inhomogeneous shape after 1 dimensions. The detected shape was (5,) + inhomogeneous part.
Traceback (most recent call last):
  File "/home/marc/Projects/klareco/scripts/evaluate_qa.py", line 201, in klareco_system
    results = retriever.search(question, top_k=top_k * 2)
              ^^^^^^^^^^^^^^^^^^^^^^^^^^^^^^^^^^^^^^^^^^^
  File "/home/marc/Projects/klareco/klareco/rag/slot_retriever_hybrid.py", line 303, in search
    query_full_emb = np.mean(query_word_embs, axis=0).astype(np.float32)
                     ^^^^^^^^^^^^^^^^^^^^^^^^^^^^^^^^
  File "/home/marc/.pyenv/versions/3.12.9/lib/python3.12/site-packages/numpy/_core/fromnumeric.py", line 3860, in mean
    return _methods._mean(a, axis=axis, dtype=dtype,
           ^^^^^^^^^^^^^^^^^^^^^^^^^^^^^^^^^^^^^^^^^
  File "/home/marc/.pyenv/versions/3.12.9/lib/python3.12/site-packages/numpy/_core/_methods.py", line 119, in _mean
    arr = asanyarray(a)
          ^^^^^^^^^^^^^
ValueError: setting an array element with a sequence. The requested array has an inhomogeneous shape after 1 dimensions. The detected shape was (4,) + inhomogeneous part.
Traceback (most recent call last):
  File "/home/marc/Projects/klareco/scripts/evaluate_qa.py", line 201, in klareco_system
    results = retriever.search(question, top_k=top_k * 2)
              ^^^^^^^^^^^^^^^^^^^^^^^^^^^^^^^^^^^^^^^^^^^
  File "/home/marc/Projects/klareco/klareco/rag/slot_retriever_hybrid.py", line 303, in search
    query_full_emb = np.mean(query_word_embs, axis=0).astype(np.float32)
                     ^^^^^^^^^^^^^^^^^^^^^^^^^^^^^^^^
  File "/home/marc/.pyenv/versions/3.12.9/lib/python3.12/site-packages/numpy/_core/fromnumeric.py", line 3860, in mean
    return _methods._mean(a, axis=axis, dtype=dtype,
           ^^^^^^^^^^^^^^^^^^^^^^^^^^^^^^^^^^^^^^^^^
  File "/home/marc/.pyenv/versions/3.12.9/lib/python3.12/site-packages/numpy/_core/_methods.py", line 119, in _mean
    arr = asanyarray(a)
          ^^^^^^^^^^^^^
ValueError: setting an array element with a sequence. The requested array has an inhomogeneous shape after 1 dimensions. The detected shape was (5,) + inhomogeneous part.
Traceback (most recent call last):
  File "/home/marc/Projects/klareco/scripts/evaluate_qa.py", line 201, in klareco_system
    results = retriever.search(question, top_k=top_k * 2)
              ^^^^^^^^^^^^^^^^^^^^^^^^^^^^^^^^^^^^^^^^^^^
  File "/home/marc/Projects/klareco/klareco/rag/slot_retriever_hybrid.py", line 303, in search
    query_full_emb = np.mean(query_word_embs, axis=0).astype(np.float32)
                     ^^^^^^^^^^^^^^^^^^^^^^^^^^^^^^^^
  File "/home/marc/.pyenv/versions/3.12.9/lib/python3.12/site-packages/numpy/_core/fromnumeric.py", line 3860, in mean
    return _methods._mean(a, axis=axis, dtype=dtype,
           ^^^^^^^^^^^^^^^^^^^^^^^^^^^^^^^^^^^^^^^^^
  File "/home/marc/.pyenv/versions/3.12.9/lib/python3.12/site-packages/numpy/_core/_methods.py", line 119, in _mean
    arr = asanyarray(a)
          ^^^^^^^^^^^^^
ValueError: setting an array element with a sequence. The requested array has an inhomogeneous shape after 1 dimensions. The detected shape was (4,) + inhomogeneous part.
Traceback (most recent call last):
  File "/home/marc/Projects/klareco/scripts/evaluate_qa.py", line 201, in klareco_system
    results = retriever.search(question, top_k=top_k * 2)
              ^^^^^^^^^^^^^^^^^^^^^^^^^^^^^^^^^^^^^^^^^^^
  File "/home/marc/Projects/klareco/klareco/rag/slot_retriever_hybrid.py", line 303, in search
    query_full_emb = np.mean(query_word_embs, axis=0).astype(np.float32)
                     ^^^^^^^^^^^^^^^^^^^^^^^^^^^^^^^^
  File "/home/marc/.pyenv/versions/3.12.9/lib/python3.12/site-packages/numpy/_core/fromnumeric.py", line 3860, in mean
    return _methods._mean(a, axis=axis, dtype=dtype,
           ^^^^^^^^^^^^^^^^^^^^^^^^^^^^^^^^^^^^^^^^^
  File "/home/marc/.pyenv/versions/3.12.9/lib/python3.12/site-packages/numpy/_core/_methods.py", line 119, in _mean
    arr = asanyarray(a)
          ^^^^^^^^^^^^^
ValueError: setting an array element with a sequence. The requested array has an inhomogeneous shape after 1 dimensions. The detected shape was (4,) + inhomogeneous part.
Traceback (most recent call last):
  File "/home/marc/Projects/klareco/scripts/evaluate_qa.py", line 201, in klareco_system
    results = retriever.search(question, top_k=top_k * 2)
              ^^^^^^^^^^^^^^^^^^^^^^^^^^^^^^^^^^^^^^^^^^^
  File "/home/marc/Projects/klareco/klareco/rag/slot_retriever_hybrid.py", line 303, in search
    query_full_emb = np.mean(query_word_embs, axis=0).astype(np.float32)
                     ^^^^^^^^^^^^^^^^^^^^^^^^^^^^^^^^
  File "/home/marc/.pyenv/versions/3.12.9/lib/python3.12/site-packages/numpy/_core/fromnumeric.py", line 3860, in mean
    return _methods._mean(a, axis=axis, dtype=dtype,
           ^^^^^^^^^^^^^^^^^^^^^^^^^^^^^^^^^^^^^^^^^
  File "/home/marc/.pyenv/versions/3.12.9/lib/python3.12/site-packages/numpy/_core/_methods.py", line 119, in _mean
    arr = asanyarray(a)
          ^^^^^^^^^^^^^
ValueError: setting an array element with a sequence. The requested array has an inhomogeneous shape after 1 dimensions. The detected shape was (4,) + inhomogeneous part.
Traceback (most recent call last):
  File "/home/marc/Projects/klareco/scripts/evaluate_qa.py", line 201, in klareco_system
    results = retriever.search(question, top_k=top_k * 2)
              ^^^^^^^^^^^^^^^^^^^^^^^^^^^^^^^^^^^^^^^^^^^
  File "/home/marc/Projects/klareco/klareco/rag/slot_retriever_hybrid.py", line 303, in search
    query_full_emb = np.mean(query_word_embs, axis=0).astype(np.float32)
                     ^^^^^^^^^^^^^^^^^^^^^^^^^^^^^^^^
  File "/home/marc/.pyenv/versions/3.12.9/lib/python3.12/site-packages/numpy/_core/fromnumeric.py", line 3860, in mean
    return _methods._mean(a, axis=axis, dtype=dtype,
           ^^^^^^^^^^^^^^^^^^^^^^^^^^^^^^^^^^^^^^^^^
  File "/home/marc/.pyenv/versions/3.12.9/lib/python3.12/site-packages/numpy/_core/_methods.py", line 119, in _mean
    arr = asanyarray(a)
          ^^^^^^^^^^^^^
ValueError: setting an array element with a sequence. The requested array has an inhomogeneous shape after 1 dimensions. The detected shape was (4,) + inhomogeneous part.
Traceback (most recent call last):
  File "/home/marc/Projects/klareco/scripts/evaluate_qa.py", line 201, in klareco_system
    results = retriever.search(question, top_k=top_k * 2)
              ^^^^^^^^^^^^^^^^^^^^^^^^^^^^^^^^^^^^^^^^^^^
  File "/home/marc/Projects/klareco/klareco/rag/slot_retriever_hybrid.py", line 303, in search
    query_full_emb = np.mean(query_word_embs, axis=0).astype(np.float32)
                     ^^^^^^^^^^^^^^^^^^^^^^^^^^^^^^^^
  File "/home/marc/.pyenv/versions/3.12.9/lib/python3.12/site-packages/numpy/_core/fromnumeric.py", line 3860, in mean
    return _methods._mean(a, axis=axis, dtype=dtype,
           ^^^^^^^^^^^^^^^^^^^^^^^^^^^^^^^^^^^^^^^^^
  File "/home/marc/.pyenv/versions/3.12.9/lib/python3.12/site-packages/numpy/_core/_methods.py", line 119, in _mean
    arr = asanyarray(a)
          ^^^^^^^^^^^^^
ValueError: setting an array element with a sequence. The requested array has an inhomogeneous shape after 1 dimensions. The detected shape was (4,) + inhomogeneous part.
Traceback (most recent call last):
  File "/home/marc/Projects/klareco/scripts/evaluate_qa.py", line 201, in klareco_system
    results = retriever.search(question, top_k=top_k * 2)
              ^^^^^^^^^^^^^^^^^^^^^^^^^^^^^^^^^^^^^^^^^^^
  File "/home/marc/Projects/klareco/klareco/rag/slot_retriever_hybrid.py", line 303, in search
    query_full_emb = np.mean(query_word_embs, axis=0).astype(np.float32)
                     ^^^^^^^^^^^^^^^^^^^^^^^^^^^^^^^^
  File "/home/marc/.pyenv/versions/3.12.9/lib/python3.12/site-packages/numpy/_core/fromnumeric.py", line 3860, in mean
    return _methods._mean(a, axis=axis, dtype=dtype,
           ^^^^^^^^^^^^^^^^^^^^^^^^^^^^^^^^^^^^^^^^^
  File "/home/marc/.pyenv/versions/3.12.9/lib/python3.12/site-packages/numpy/_core/_methods.py", line 119, in _mean
    arr = asanyarray(a)
          ^^^^^^^^^^^^^
ValueError: setting an array element with a sequence. The requested array has an inhomogeneous shape after 1 dimensions. The detected shape was (5,) + inhomogeneous part.
Traceback (most recent call last):
  File "/home/marc/Projects/klareco/scripts/evaluate_qa.py", line 201, in klareco_system
    results = retriever.search(question, top_k=top_k * 2)
              ^^^^^^^^^^^^^^^^^^^^^^^^^^^^^^^^^^^^^^^^^^^
  File "/home/marc/Projects/klareco/klareco/rag/slot_retriever_hybrid.py", line 303, in search
    query_full_emb = np.mean(query_word_embs, axis=0).astype(np.float32)
                     ^^^^^^^^^^^^^^^^^^^^^^^^^^^^^^^^
  File "/home/marc/.pyenv/versions/3.12.9/lib/python3.12/site-packages/numpy/_core/fromnumeric.py", line 3860, in mean
    return _methods._mean(a, axis=axis, dtype=dtype,
           ^^^^^^^^^^^^^^^^^^^^^^^^^^^^^^^^^^^^^^^^^
  File "/home/marc/.pyenv/versions/3.12.9/lib/python3.12/site-packages/numpy/_core/_methods.py", line 119, in _mean
    arr = asanyarray(a)
          ^^^^^^^^^^^^^
ValueError: setting an array element with a sequence. The requested array has an inhomogeneous shape after 1 dimensions. The detected shape was (4,) + inhomogeneous part.
Traceback (most recent call last):
  File "/home/marc/Projects/klareco/scripts/evaluate_qa.py", line 201, in klareco_system
    results = retriever.search(question, top_k=top_k * 2)
              ^^^^^^^^^^^^^^^^^^^^^^^^^^^^^^^^^^^^^^^^^^^
  File "/home/marc/Projects/klareco/klareco/rag/slot_retriever_hybrid.py", line 303, in search
    query_full_emb = np.mean(query_word_embs, axis=0).astype(np.float32)
                     ^^^^^^^^^^^^^^^^^^^^^^^^^^^^^^^^
  File "/home/marc/.pyenv/versions/3.12.9/lib/python3.12/site-packages/numpy/_core/fromnumeric.py", line 3860, in mean
    return _methods._mean(a, axis=axis, dtype=dtype,
           ^^^^^^^^^^^^^^^^^^^^^^^^^^^^^^^^^^^^^^^^^
  File "/home/marc/.pyenv/versions/3.12.9/lib/python3.12/site-packages/numpy/_core/_methods.py", line 119, in _mean
    arr = asanyarray(a)
          ^^^^^^^^^^^^^
ValueError: setting an array element with a sequence. The requested array has an inhomogeneous shape after 1 dimensions. The detected shape was (4,) + inhomogeneous part.
Traceback (most recent call last):
  File "/home/marc/Projects/klareco/scripts/evaluate_qa.py", line 201, in klareco_system
    results = retriever.search(question, top_k=top_k * 2)
              ^^^^^^^^^^^^^^^^^^^^^^^^^^^^^^^^^^^^^^^^^^^
  File "/home/marc/Projects/klareco/klareco/rag/slot_retriever_hybrid.py", line 303, in search
    query_full_emb = np.mean(query_word_embs, axis=0).astype(np.float32)
                     ^^^^^^^^^^^^^^^^^^^^^^^^^^^^^^^^
  File "/home/marc/.pyenv/versions/3.12.9/lib/python3.12/site-packages/numpy/_core/fromnumeric.py", line 3860, in mean
    return _methods._mean(a, axis=axis, dtype=dtype,
           ^^^^^^^^^^^^^^^^^^^^^^^^^^^^^^^^^^^^^^^^^
  File "/home/marc/.pyenv/versions/3.12.9/lib/python3.12/site-packages/numpy/_core/_methods.py", line 119, in _mean
    arr = asanyarray(a)
          ^^^^^^^^^^^^^
ValueError: setting an array element with a sequence. The requested array has an inhomogeneous shape after 1 dimensions. The detected shape was (4,) + inhomogeneous part.
Traceback (most recent call last):
  File "/home/marc/Projects/klareco/scripts/evaluate_qa.py", line 201, in klareco_system
    results = retriever.search(question, top_k=top_k * 2)
              ^^^^^^^^^^^^^^^^^^^^^^^^^^^^^^^^^^^^^^^^^^^
  File "/home/marc/Projects/klareco/klareco/rag/slot_retriever_hybrid.py", line 303, in search
    query_full_emb = np.mean(query_word_embs, axis=0).astype(np.float32)
                     ^^^^^^^^^^^^^^^^^^^^^^^^^^^^^^^^
  File "/home/marc/.pyenv/versions/3.12.9/lib/python3.12/site-packages/numpy/_core/fromnumeric.py", line 3860, in mean
    return _methods._mean(a, axis=axis, dtype=dtype,
           ^^^^^^^^^^^^^^^^^^^^^^^^^^^^^^^^^^^^^^^^^
  File "/home/marc/.pyenv/versions/3.12.9/lib/python3.12/site-packages/numpy/_core/_methods.py", line 119, in _mean
    arr = asanyarray(a)
          ^^^^^^^^^^^^^
ValueError: setting an array element with a sequence. The requested array has an inhomogeneous shape after 1 dimensions. The detected shape was (4,) + inhomogeneous part.
Traceback (most recent call last):
  File "/home/marc/Projects/klareco/scripts/evaluate_qa.py", line 201, in klareco_system
    results = retriever.search(question, top_k=top_k * 2)
              ^^^^^^^^^^^^^^^^^^^^^^^^^^^^^^^^^^^^^^^^^^^
  File "/home/marc/Projects/klareco/klareco/rag/slot_retriever_hybrid.py", line 303, in search
    query_full_emb = np.mean(query_word_embs, axis=0).astype(np.float32)
                     ^^^^^^^^^^^^^^^^^^^^^^^^^^^^^^^^
  File "/home/marc/.pyenv/versions/3.12.9/lib/python3.12/site-packages/numpy/_core/fromnumeric.py", line 3860, in mean
    return _methods._mean(a, axis=axis, dtype=dtype,
           ^^^^^^^^^^^^^^^^^^^^^^^^^^^^^^^^^^^^^^^^^
  File "/home/marc/.pyenv/versions/3.12.9/lib/python3.12/site-packages/numpy/_core/_methods.py", line 119, in _mean
    arr = asanyarray(a)
          ^^^^^^^^^^^^^
ValueError: setting an array element with a sequence. The requested array has an inhomogeneous shape after 1 dimensions. The detected shape was (4,) + inhomogeneous part.
Traceback (most recent call last):
  File "/home/marc/Projects/klareco/scripts/evaluate_qa.py", line 201, in klareco_system
    results = retriever.search(question, top_k=top_k * 2)
              ^^^^^^^^^^^^^^^^^^^^^^^^^^^^^^^^^^^^^^^^^^^
  File "/home/marc/Projects/klareco/klareco/rag/slot_retriever_hybrid.py", line 303, in search
    query_full_emb = np.mean(query_word_embs, axis=0).astype(np.float32)
                     ^^^^^^^^^^^^^^^^^^^^^^^^^^^^^^^^
  File "/home/marc/.pyenv/versions/3.12.9/lib/python3.12/site-packages/numpy/_core/fromnumeric.py", line 3860, in mean
    return _methods._mean(a, axis=axis, dtype=dtype,
           ^^^^^^^^^^^^^^^^^^^^^^^^^^^^^^^^^^^^^^^^^
  File "/home/marc/.pyenv/versions/3.12.9/lib/python3.12/site-packages/numpy/_core/_methods.py", line 119, in _mean
    arr = asanyarray(a)
          ^^^^^^^^^^^^^
ValueError: setting an array element with a sequence. The requested array has an inhomogeneous shape after 1 dimensions. The detected shape was (5,) + inhomogeneous part.
Traceback (most recent call last):
  File "/home/marc/Projects/klareco/scripts/evaluate_qa.py", line 201, in klareco_system
    results = retriever.search(question, top_k=top_k * 2)
              ^^^^^^^^^^^^^^^^^^^^^^^^^^^^^^^^^^^^^^^^^^^
  File "/home/marc/Projects/klareco/klareco/rag/slot_retriever_hybrid.py", line 303, in search
    query_full_emb = np.mean(query_word_embs, axis=0).astype(np.float32)
                     ^^^^^^^^^^^^^^^^^^^^^^^^^^^^^^^^
  File "/home/marc/.pyenv/versions/3.12.9/lib/python3.12/site-packages/numpy/_core/fromnumeric.py", line 3860, in mean
    return _methods._mean(a, axis=axis, dtype=dtype,
           ^^^^^^^^^^^^^^^^^^^^^^^^^^^^^^^^^^^^^^^^^
  File "/home/marc/.pyenv/versions/3.12.9/lib/python3.12/site-packages/numpy/_core/_methods.py", line 119, in _mean
    arr = asanyarray(a)
          ^^^^^^^^^^^^^
ValueError: setting an array element with a sequence. The requested array has an inhomogeneous shape after 1 dimensions. The detected shape was (4,) + inhomogeneous part.
Traceback (most recent call last):
  File "/home/marc/Projects/klareco/scripts/evaluate_qa.py", line 201, in klareco_system
    results = retriever.search(question, top_k=top_k * 2)
              ^^^^^^^^^^^^^^^^^^^^^^^^^^^^^^^^^^^^^^^^^^^
  File "/home/marc/Projects/klareco/klareco/rag/slot_retriever_hybrid.py", line 303, in search
    query_full_emb = np.mean(query_word_embs, axis=0).astype(np.float32)
                     ^^^^^^^^^^^^^^^^^^^^^^^^^^^^^^^^
  File "/home/marc/.pyenv/versions/3.12.9/lib/python3.12/site-packages/numpy/_core/fromnumeric.py", line 3860, in mean
    return _methods._mean(a, axis=axis, dtype=dtype,
           ^^^^^^^^^^^^^^^^^^^^^^^^^^^^^^^^^^^^^^^^^
  File "/home/marc/.pyenv/versions/3.12.9/lib/python3.12/site-packages/numpy/_core/_methods.py", line 119, in _mean
    arr = asanyarray(a)
          ^^^^^^^^^^^^^
ValueError: setting an array element with a sequence. The requested array has an inhomogeneous shape after 1 dimensions. The detected shape was (4,) + inhomogeneous part.
Traceback (most recent call last):
  File "/home/marc/Projects/klareco/scripts/evaluate_qa.py", line 201, in klareco_system
    results = retriever.search(question, top_k=top_k * 2)
              ^^^^^^^^^^^^^^^^^^^^^^^^^^^^^^^^^^^^^^^^^^^
  File "/home/marc/Projects/klareco/klareco/rag/slot_retriever_hybrid.py", line 303, in search
    query_full_emb = np.mean(query_word_embs, axis=0).astype(np.float32)
                     ^^^^^^^^^^^^^^^^^^^^^^^^^^^^^^^^
  File "/home/marc/.pyenv/versions/3.12.9/lib/python3.12/site-packages/numpy/_core/fromnumeric.py", line 3860, in mean
    return _methods._mean(a, axis=axis, dtype=dtype,
           ^^^^^^^^^^^^^^^^^^^^^^^^^^^^^^^^^^^^^^^^^
  File "/home/marc/.pyenv/versions/3.12.9/lib/python3.12/site-packages/numpy/_core/_methods.py", line 119, in _mean
    arr = asanyarray(a)
          ^^^^^^^^^^^^^
ValueError: setting an array element with a sequence. The requested array has an inhomogeneous shape after 1 dimensions. The detected shape was (4,) + inhomogeneous part.
Traceback (most recent call last):
  File "/home/marc/Projects/klareco/scripts/evaluate_qa.py", line 201, in klareco_system
    results = retriever.search(question, top_k=top_k * 2)
              ^^^^^^^^^^^^^^^^^^^^^^^^^^^^^^^^^^^^^^^^^^^
  File "/home/marc/Projects/klareco/klareco/rag/slot_retriever_hybrid.py", line 303, in search
    query_full_emb = np.mean(query_word_embs, axis=0).astype(np.float32)
                     ^^^^^^^^^^^^^^^^^^^^^^^^^^^^^^^^
  File "/home/marc/.pyenv/versions/3.12.9/lib/python3.12/site-packages/numpy/_core/fromnumeric.py", line 3860, in mean
    return _methods._mean(a, axis=axis, dtype=dtype,
           ^^^^^^^^^^^^^^^^^^^^^^^^^^^^^^^^^^^^^^^^^
  File "/home/marc/.pyenv/versions/3.12.9/lib/python3.12/site-packages/numpy/_core/_methods.py", line 119, in _mean
    arr = asanyarray(a)
          ^^^^^^^^^^^^^
ValueError: setting an array element with a sequence. The requested array has an inhomogeneous shape after 1 dimensions. The detected shape was (5,) + inhomogeneous part.
Traceback (most recent call last):
  File "/home/marc/Projects/klareco/scripts/evaluate_qa.py", line 201, in klareco_system
    results = retriever.search(question, top_k=top_k * 2)
              ^^^^^^^^^^^^^^^^^^^^^^^^^^^^^^^^^^^^^^^^^^^
  File "/home/marc/Projects/klareco/klareco/rag/slot_retriever_hybrid.py", line 303, in search
    query_full_emb = np.mean(query_word_embs, axis=0).astype(np.float32)
                     ^^^^^^^^^^^^^^^^^^^^^^^^^^^^^^^^
  File "/home/marc/.pyenv/versions/3.12.9/lib/python3.12/site-packages/numpy/_core/fromnumeric.py", line 3860, in mean
    return _methods._mean(a, axis=axis, dtype=dtype,
           ^^^^^^^^^^^^^^^^^^^^^^^^^^^^^^^^^^^^^^^^^
  File "/home/marc/.pyenv/versions/3.12.9/lib/python3.12/site-packages/numpy/_core/_methods.py", line 119, in _mean
    arr = asanyarray(a)
          ^^^^^^^^^^^^^
ValueError: setting an array element with a sequence. The requested array has an inhomogeneous shape after 1 dimensions. The detected shape was (4,) + inhomogeneous part.
Traceback (most recent call last):
  File "/home/marc/Projects/klareco/scripts/evaluate_qa.py", line 201, in klareco_system
    results = retriever.search(question, top_k=top_k * 2)
              ^^^^^^^^^^^^^^^^^^^^^^^^^^^^^^^^^^^^^^^^^^^
  File "/home/marc/Projects/klareco/klareco/rag/slot_retriever_hybrid.py", line 303, in search
    query_full_emb = np.mean(query_word_embs, axis=0).astype(np.float32)
                     ^^^^^^^^^^^^^^^^^^^^^^^^^^^^^^^^
  File "/home/marc/.pyenv/versions/3.12.9/lib/python3.12/site-packages/numpy/_core/fromnumeric.py", line 3860, in mean
    return _methods._mean(a, axis=axis, dtype=dtype,
           ^^^^^^^^^^^^^^^^^^^^^^^^^^^^^^^^^^^^^^^^^
  File "/home/marc/.pyenv/versions/3.12.9/lib/python3.12/site-packages/numpy/_core/_methods.py", line 119, in _mean
    arr = asanyarray(a)
          ^^^^^^^^^^^^^
ValueError: setting an array element with a sequence. The requested array has an inhomogeneous shape after 1 dimensions. The detected shape was (4,) + inhomogeneous part.
Traceback (most recent call last):
  File "/home/marc/Projects/klareco/scripts/evaluate_qa.py", line 201, in klareco_system
    results = retriever.search(question, top_k=top_k * 2)
              ^^^^^^^^^^^^^^^^^^^^^^^^^^^^^^^^^^^^^^^^^^^
  File "/home/marc/Projects/klareco/klareco/rag/slot_retriever_hybrid.py", line 303, in search
    query_full_emb = np.mean(query_word_embs, axis=0).astype(np.float32)
                     ^^^^^^^^^^^^^^^^^^^^^^^^^^^^^^^^
  File "/home/marc/.pyenv/versions/3.12.9/lib/python3.12/site-packages/numpy/_core/fromnumeric.py", line 3860, in mean
    return _methods._mean(a, axis=axis, dtype=dtype,
           ^^^^^^^^^^^^^^^^^^^^^^^^^^^^^^^^^^^^^^^^^
  File "/home/marc/.pyenv/versions/3.12.9/lib/python3.12/site-packages/numpy/_core/_methods.py", line 119, in _mean
    arr = asanyarray(a)
          ^^^^^^^^^^^^^
ValueError: setting an array element with a sequence. The requested array has an inhomogeneous shape after 1 dimensions. The detected shape was (4,) + inhomogeneous part.
Loaded 50 questions from /home/marc/Projects/klareco/data/benchmarks/datasets/qa_benchmark_v1.jsonl
Evaluating system: klareco

============================================================
Q&A BENCHMARK EVALUATION RESULTS
============================================================

Total Questions: 50

Overall Metrics:
  Exact Match:   0.0%
  Partial Match: 8.0%
  F1 Score:      0.001
  Avg Latency:   560ms

By Category:
  Category         Count    Exact  Partial       F1
  --------------- ------ -------- -------- --------
  definition          10    0.0%    0.0%   0.007
  factual             10    0.0%    0.0%   0.000
  grammar             10    0.0%   30.0%   0.000
  negative            10    0.0%   10.0%   0.000
  reasoning           10    0.0%    0.0%   0.000

Results saved to: benchmark_results/qa/qa_benchmark_20260106_231258.json
