Loaded 50 questions from /home/marc/Projects/klareco/data/benchmarks/datasets/qa_benchmark_v1.jsonl
Evaluating system: klareco

============================================================
Q&A BENCHMARK EVALUATION RESULTS
============================================================

Total Questions: 50

Overall Metrics:
  Exact Match:   0.0%
  Partial Match: 12.0%
  F1 Score:      0.108
  Avg Latency:   745ms

Retrieval Metrics:
  Recall@10: 5.9%

By Category:
  Category         Count    Exact  Partial       F1
  --------------- ------ -------- -------- --------
  definition          10    0.0%    0.0%   0.107
  factual             10    0.0%    0.0%   0.043
  grammar             10    0.0%   30.0%   0.095
  negative            10    0.0%   30.0%   0.175
  reasoning           10    0.0%    0.0%   0.122

Results saved to: benchmark_results/qa/qa_benchmark_20260106_231557.json
