2026-01-05 08:27:09,821 - INFO - ============================================================
2026-01-05 08:27:09,821 - INFO - Loading benchmark queries
2026-01-05 08:27:09,821 - INFO - ============================================================
2026-01-05 08:27:09,822 - INFO - ✓ Loaded 50 queries from benchmark_results/queries_20260105_082650.jsonl
2026-01-05 08:27:09,822 - INFO - 
2026-01-05 08:27:09,822 - INFO - ============================================================
2026-01-05 08:27:09,822 - INFO - Initializing indexer (loading embedding models)
2026-01-05 08:27:09,822 - INFO - ============================================================
2026-01-05 08:27:09,822 - INFO -   Root model: models/root_embeddings/best_model.pt
2026-01-05 08:27:09,822 - INFO -   Affix model: models/affix_transforms_v2/best_model.pt
2026-01-05 08:27:09,822 - INFO - Loading root embeddings from models/root_embeddings/best_model.pt
2026-01-05 08:27:09,852 - INFO -   Loaded 11121 roots, 64d
2026-01-05 08:27:09,853 - INFO - Loading affix transforms from models/affix_transforms_v2/best_model.pt
2026-01-05 08:27:09,884 - INFO -   Loaded 12 prefix, 29 suffix transforms
2026-01-05 08:27:09,895 - INFO - ✓ Indexer loaded in 0.1s
2026-01-05 08:27:09,896 - INFO - 
2026-01-05 08:27:09,896 - INFO - ============================================================
2026-01-05 08:27:09,896 - INFO - Benchmarking: faiss
2026-01-05 08:27:09,896 - INFO - ============================================================
2026-01-05 08:27:09,896 - INFO -   Found existing results for faiss, loading from benchmark_results/faiss_results.json
2026-01-05 08:27:09,896 - INFO -   Initializing faiss retriever...
2026-01-05 08:27:09,896 - INFO - Loading FAISS index from data/indexes/slot_full
2026-01-05 08:27:09,902 - INFO -   IVF index with nprobe=32
2026-01-05 08:27:09,902 - INFO -   FAISS index: 4,229,277 vectors (memory-mapped)
2026-01-05 08:27:09,902 - INFO -   Building document offset index for lazy loading...
2026-01-05 08:27:12,566 - INFO -     Indexed 500,000 document offsets...
2026-01-05 08:27:14,943 - INFO -     Indexed 1,000,000 document offsets...
2026-01-05 08:27:17,355 - INFO -     Indexed 1,500,000 document offsets...
2026-01-05 08:27:19,772 - INFO -     Indexed 2,000,000 document offsets...
2026-01-05 08:27:22,228 - INFO -     Indexed 2,500,000 document offsets...
2026-01-05 08:27:24,694 - INFO -     Indexed 3,000,000 document offsets...
2026-01-05 08:27:27,014 - INFO -     Indexed 3,500,000 document offsets...
2026-01-05 08:27:29,393 - INFO -     Indexed 4,000,000 document offsets...
2026-01-05 08:27:31,179 - INFO -   Built offset index for 4,371,718 documents
2026-01-05 08:27:31,180 - INFO -   ✓ Retriever initialized in 21.3s
2026-01-05 08:27:31,180 - INFO - 
2026-01-05 08:27:31,180 - INFO -   Starting benchmark run (50 queries)...
2026-01-05 08:27:31,180 - INFO - 
2026-01-05 08:27:31,180 - INFO - Benchmarking FAISSSlotRetriever
2026-01-05 08:27:32,251 - INFO -   [5/50] | Latency: 214.0ms | Recall: 0.000 | Memory: 1038MB | ETA: 9s
2026-01-05 08:27:33,189 - INFO -   [10/50] | Latency: 187.1ms | Recall: 0.000 | Memory: 1101MB | ETA: 8s | 💾 checkpoint
2026-01-05 08:27:34,285 - INFO -   [15/50] | Latency: 218.9ms | Recall: 0.000 | Memory: 1169MB | ETA: 7s
2026-01-05 08:27:35,234 - INFO -   [20/50] | Latency: 189.4ms | Recall: 0.000 | Memory: 1210MB | ETA: 6s | 💾 checkpoint
2026-01-05 08:27:36,118 - INFO -   [25/50] | Latency: 176.4ms | Recall: 0.000 | Memory: 1278MB | ETA: 4s
2026-01-05 08:27:37,087 - INFO -   [30/50] | Latency: 193.4ms | Recall: 0.000 | Memory: 1316MB | ETA: 3s | 💾 checkpoint
2026-01-05 08:27:38,062 - INFO -   [35/50] | Latency: 194.5ms | Recall: 0.000 | Memory: 1369MB | ETA: 2s
2026-01-05 08:27:38,995 - INFO -   [40/50] | Latency: 186.3ms | Recall: 0.000 | Memory: 1406MB | ETA: 1s | 💾 checkpoint
2026-01-05 08:27:39,974 - INFO -   [45/50] | Latency: 195.3ms | Recall: 0.000 | Memory: 1441MB | ETA: 0s
2026-01-05 08:27:40,852 - INFO -   [50/50] | Latency: 175.4ms | Recall: 0.000 | Memory: 1473MB | ETA: 0s | 💾 checkpoint
2026-01-05 08:27:40,863 - INFO - 
2026-01-05 08:27:40,863 - INFO -   ✓ Benchmark completed in 9.7s
2026-01-05 08:27:40,863 - INFO -   Saved results to benchmark_results/faiss_results.json
2026-01-05 08:27:40,863 - INFO - ============================================================
2026-01-05 08:27:40,863 - INFO - RESULTS SUMMARY: faiss
2026-01-05 08:27:40,863 - INFO - ============================================================
2026-01-05 08:27:40,863 - INFO - 
2026-01-05 08:27:40,863 - INFO - Latency Metrics:
2026-01-05 08:27:40,863 - INFO -   Mean:       193.06 ms
2026-01-05 08:27:40,863 - INFO -   Median:     190.63 ms
2026-01-05 08:27:40,863 - INFO -   P95:        218.56 ms
2026-01-05 08:27:40,863 - INFO -   P99:        294.28 ms
2026-01-05 08:27:40,863 - INFO -   Range:       93.40 - 338.47 ms
2026-01-05 08:27:40,863 - INFO - 
2026-01-05 08:27:40,863 - INFO - Memory Usage:
2026-01-05 08:27:40,863 - INFO -   Peak:       1472.7 MB
2026-01-05 08:27:40,863 - INFO -   Delta:       563.9 MB (increase from baseline)
2026-01-05 08:27:40,863 - INFO - 
2026-01-05 08:27:40,863 - INFO - Accuracy Metrics:
2026-01-05 08:27:40,864 - INFO -   Recall@10:   0.000 (0.0%)
2026-01-05 08:27:40,864 - INFO -   MRR:         0.000
2026-01-05 08:27:40,864 - INFO -   NDCG@10:     0.000
2026-01-05 08:27:40,864 - INFO - 
2026-01-05 08:27:40,864 - INFO - ============================================================
2026-01-05 08:27:40,864 - INFO - 
2026-01-05 08:27:40,864 - INFO - ============================================================
2026-01-05 08:27:40,864 - INFO - Saving results to benchmark_results/faiss_20260105_082650.json

====================================================================================================
FINAL BENCHMARK COMPARISON
====================================================================================================

Index: data/indexes/slot_full
Queries: 50

Solution        Mean (ms)    Median (ms)  P95 (ms)     Memory (MB)  Recall@10   
----------------------------------------------------------------------------------------------------
FAISSSlotRetriever 193.06       190.63       218.56       563.9        0.000       

====================================================================================================

