2026-01-03 09:31:03,234 - INFO - ============================================================
2026-01-03 09:31:03,234 - INFO - Loading benchmark queries
2026-01-03 09:31:03,234 - INFO - ============================================================
2026-01-03 09:31:03,234 - INFO - ✓ Loaded 50 queries from benchmark_results/queries_20260103_093043.jsonl
2026-01-03 09:31:03,234 - INFO - 
2026-01-03 09:31:03,234 - INFO - ============================================================
2026-01-03 09:31:03,234 - INFO - Initializing indexer (loading embedding models)
2026-01-03 09:31:03,234 - INFO - ============================================================
2026-01-03 09:31:03,234 - INFO -   Root model: models/root_embeddings/best_model.pt
2026-01-03 09:31:03,234 - INFO -   Affix model: models/affix_transforms_v2/best_model.pt
2026-01-03 09:31:03,234 - INFO - Loading root embeddings from models/root_embeddings/best_model.pt
2026-01-03 09:31:03,261 - INFO -   Loaded 11121 roots, 64d
2026-01-03 09:31:03,261 - INFO - Loading affix transforms from models/affix_transforms_v2/best_model.pt
2026-01-03 09:31:03,290 - INFO -   Loaded 12 prefix, 29 suffix transforms
2026-01-03 09:31:03,301 - INFO - ✓ Indexer loaded in 0.1s
2026-01-03 09:31:03,301 - INFO - 
2026-01-03 09:31:03,301 - INFO - ============================================================
2026-01-03 09:31:03,302 - INFO - Benchmarking: faiss
2026-01-03 09:31:03,302 - INFO - ============================================================
2026-01-03 09:31:03,302 - INFO -   Found existing results for faiss, loading from benchmark_results/faiss_results.json
2026-01-03 09:31:03,302 - INFO -   Initializing faiss retriever...
2026-01-03 09:31:03,302 - INFO - Loading FAISS index from data/indexes/slot_full
2026-01-03 09:31:04,632 - INFO -   FAISS index: 4,229,277 vectors
