2026-01-03 08:11:03,055 - INFO - ============================================================
2026-01-03 08:11:03,055 - INFO - Loading benchmark queries
2026-01-03 08:11:03,055 - INFO - ============================================================
2026-01-03 08:11:03,055 - INFO - ✓ Loaded 20 queries from benchmark_results/queries_20260103_081055.jsonl
2026-01-03 08:11:03,055 - INFO - 
2026-01-03 08:11:03,055 - INFO - ============================================================
2026-01-03 08:11:03,055 - INFO - Initializing indexer (loading embedding models)
2026-01-03 08:11:03,055 - INFO - ============================================================
2026-01-03 08:11:03,055 - INFO -   Root model: models/root_embeddings/best_model.pt
2026-01-03 08:11:03,055 - INFO -   Affix model: models/affix_transforms_v2/best_model.pt
2026-01-03 08:11:03,055 - INFO - Loading root embeddings from models/root_embeddings/best_model.pt
2026-01-03 08:11:03,067 - INFO -   Loaded 11121 roots, 64d
2026-01-03 08:11:03,067 - INFO - Loading affix transforms from models/affix_transforms_v2/best_model.pt
2026-01-03 08:11:03,090 - INFO -   Loaded 12 prefix, 29 suffix transforms
2026-01-03 08:11:03,092 - INFO - ✓ Indexer loaded in 0.0s
2026-01-03 08:11:03,092 - INFO - 
2026-01-03 08:11:03,092 - INFO - ============================================================
2026-01-03 08:11:03,092 - INFO - Benchmarking: faiss
2026-01-03 08:11:03,092 - INFO - ============================================================
2026-01-03 08:11:03,092 - INFO -   Initializing faiss retriever...
2026-01-03 08:11:03,092 - INFO - Loading FAISS index from data/indexes/slot_test
2026-01-03 08:11:03,092 - INFO -   FAISS index: 1,000 vectors
2026-01-03 08:11:03,173 - INFO -   Loaded 1,000 documents
2026-01-03 08:11:03,173 - INFO -   ✓ Retriever initialized in 0.1s
2026-01-03 08:11:03,173 - INFO - 
2026-01-03 08:11:03,173 - INFO -   Starting benchmark run (20 queries)...
2026-01-03 08:11:03,173 - INFO - 
2026-01-03 08:11:03,173 - INFO - Benchmarking FAISSSlotRetriever
2026-01-03 08:11:03,201 - INFO -   [5/20] | Latency: 5.3ms | Recall: 0.800 | Memory: 683MB | ETA: 0s
2026-01-03 08:11:03,229 - INFO -   [10/20] | Latency: 5.1ms | Recall: 0.800 | Memory: 683MB | ETA: 0s | 💾 checkpoint
2026-01-03 08:11:03,254 - INFO -   [15/20] | Latency: 4.8ms | Recall: 1.000 | Memory: 683MB | ETA: 0s
2026-01-03 08:11:03,282 - INFO -   [20/20] | Latency: 5.2ms | Recall: 0.800 | Memory: 683MB | ETA: 0s | 💾 checkpoint
2026-01-03 08:11:03,287 - INFO - 
2026-01-03 08:11:03,287 - INFO -   ✓ Benchmark completed in 0.1s
2026-01-03 08:11:03,287 - INFO -   Saved results to benchmark_results/faiss_results.json
2026-01-03 08:11:03,287 - INFO - ============================================================
2026-01-03 08:11:03,287 - INFO - RESULTS SUMMARY: faiss
2026-01-03 08:11:03,287 - INFO - ============================================================
2026-01-03 08:11:03,287 - INFO - 
2026-01-03 08:11:03,287 - INFO - Latency Metrics:
2026-01-03 08:11:03,287 - INFO -   Mean:         5.13 ms
2026-01-03 08:11:03,287 - INFO -   Median:       5.32 ms
2026-01-03 08:11:03,287 - INFO -   P95:          7.39 ms
2026-01-03 08:11:03,287 - INFO -   P99:          8.24 ms
2026-01-03 08:11:03,287 - INFO -   Range:        2.44 - 8.46 ms
2026-01-03 08:11:03,287 - INFO - 
2026-01-03 08:11:03,287 - INFO - Memory Usage:
2026-01-03 08:11:03,287 - INFO -   Peak:        682.9 MB
2026-01-03 08:11:03,287 - INFO -   Delta:         3.3 MB (increase from baseline)
2026-01-03 08:11:03,287 - INFO - 
2026-01-03 08:11:03,287 - INFO - Accuracy Metrics:
2026-01-03 08:11:03,287 - INFO -   Recall@10:   0.850 (85.0%)
2026-01-03 08:11:03,287 - INFO -   MRR:         0.775
2026-01-03 08:11:03,288 - INFO -   NDCG@10:     0.795
2026-01-03 08:11:03,288 - INFO - 
2026-01-03 08:11:03,288 - INFO - ============================================================
2026-01-03 08:11:03,288 - INFO - 
2026-01-03 08:11:03,288 - INFO - ============================================================
2026-01-03 08:11:03,288 - INFO - Saving results to benchmark_results/faiss_20260103_081055.json

====================================================================================================
FINAL BENCHMARK COMPARISON
====================================================================================================

Index: data/indexes/slot_test
Queries: 20

Solution        Mean (ms)    Median (ms)  P95 (ms)     Memory (MB)  Recall@10   
----------------------------------------------------------------------------------------------------
FAISSSlotRetriever 5.13         5.32         7.39         3.3          0.850       

====================================================================================================

