2026-01-03 08:18:59,870 - INFO - ============================================================
2026-01-03 08:18:59,870 - INFO - Loading benchmark queries
2026-01-03 08:18:59,870 - INFO - ============================================================
2026-01-03 08:18:59,871 - INFO - ✓ Loaded 50 queries from benchmark_results/queries_20260103_081843.jsonl
2026-01-03 08:18:59,871 - INFO - 
2026-01-03 08:18:59,871 - INFO - ============================================================
2026-01-03 08:18:59,871 - INFO - Initializing indexer (loading embedding models)
2026-01-03 08:18:59,871 - INFO - ============================================================
2026-01-03 08:18:59,871 - INFO -   Root model: models/root_embeddings/best_model.pt
2026-01-03 08:18:59,871 - INFO -   Affix model: models/affix_transforms_v2/best_model.pt
2026-01-03 08:18:59,871 - INFO - Loading root embeddings from models/root_embeddings/best_model.pt
2026-01-03 08:18:59,884 - INFO -   Loaded 11121 roots, 64d
2026-01-03 08:18:59,884 - INFO - Loading affix transforms from models/affix_transforms_v2/best_model.pt
2026-01-03 08:18:59,907 - INFO -   Loaded 12 prefix, 29 suffix transforms
2026-01-03 08:18:59,908 - INFO - ✓ Indexer loaded in 0.0s
2026-01-03 08:18:59,908 - INFO - 
2026-01-03 08:18:59,908 - INFO - ============================================================
2026-01-03 08:18:59,908 - INFO - Benchmarking: faiss
2026-01-03 08:18:59,908 - INFO - ============================================================
2026-01-03 08:18:59,909 - INFO -   Found existing results for faiss, loading from benchmark_results/faiss_results.json
2026-01-03 08:18:59,909 - INFO -   Initializing faiss retriever...
2026-01-03 08:18:59,909 - INFO - Loading FAISS index from data/indexes/slot_full
2026-01-03 08:19:01,288 - INFO -   FAISS index: 4,229,277 vectors
