2026-01-03 00:45:20,116 - INFO - ============================================================
2026-01-03 00:45:20,116 - INFO - Loading benchmark queries
2026-01-03 00:45:20,116 - INFO - ============================================================
2026-01-03 00:45:20,116 - INFO - ✓ Loaded 50 queries from benchmark_results/queries_20260103_004515.jsonl
2026-01-03 00:45:20,117 - INFO - 
2026-01-03 00:45:20,117 - INFO - ============================================================
2026-01-03 00:45:20,117 - INFO - Initializing indexer (loading embedding models)
2026-01-03 00:45:20,117 - INFO - ============================================================
2026-01-03 00:45:20,117 - INFO -   Root model: models/root_embeddings/best_model.pt
2026-01-03 00:45:20,117 - INFO -   Affix model: models/affix_transforms_v2/best_model.pt
2026-01-03 00:45:20,117 - INFO - Loading root embeddings from models/root_embeddings/best_model.pt
2026-01-03 00:45:20,128 - INFO -   Loaded 11121 roots, 64d
2026-01-03 00:45:20,129 - INFO - Loading affix transforms from models/affix_transforms_v2/best_model.pt
2026-01-03 00:45:20,149 - INFO -   Loaded 12 prefix, 29 suffix transforms
2026-01-03 00:45:20,151 - INFO - ✓ Indexer loaded in 0.0s
2026-01-03 00:45:20,151 - INFO - 
2026-01-03 00:45:20,151 - INFO - ============================================================
2026-01-03 00:45:20,151 - INFO - Benchmarking: mmap
2026-01-03 00:45:20,151 - INFO - ============================================================
2026-01-03 00:45:20,152 - INFO -   Initializing mmap retriever...
2026-01-03 00:45:20,152 - INFO - Loading memory-mapped index from data/indexes/slot_full
2026-01-03 00:51:14,283 - INFO -   Loaded 4,229,277 document metadata
2026-01-03 00:51:14,284 - INFO -   Creating memory-mapped arrays...
2026-01-03 00:51:16,327 - INFO -       Processed 10,000 documents
2026-01-03 00:51:17,182 - INFO -       Processed 20,000 documents
2026-01-03 00:51:18,095 - INFO -       Processed 30,000 documents
2026-01-03 00:51:19,018 - INFO -       Processed 40,000 documents
2026-01-03 00:51:19,980 - INFO -       Processed 50,000 documents
2026-01-03 00:51:20,962 - INFO -       Processed 60,000 documents
2026-01-03 00:51:21,923 - INFO -       Processed 70,000 documents
2026-01-03 00:51:22,938 - INFO -       Processed 80,000 documents
2026-01-03 00:51:23,941 - INFO -       Processed 90,000 documents
2026-01-03 00:51:24,951 - INFO -       Processed 100,000 documents
2026-01-03 00:51:25,958 - INFO -       Processed 110,000 documents
2026-01-03 00:51:26,960 - INFO -       Processed 120,000 documents
2026-01-03 00:51:27,943 - INFO -       Processed 130,000 documents
2026-01-03 00:51:28,929 - INFO -       Processed 140,000 documents
2026-01-03 00:51:29,913 - INFO -       Processed 150,000 documents
2026-01-03 00:51:30,911 - INFO -       Processed 160,000 documents
2026-01-03 00:51:31,921 - INFO -       Processed 170,000 documents
2026-01-03 00:51:32,929 - INFO -       Processed 180,000 documents
2026-01-03 00:51:33,916 - INFO -       Processed 190,000 documents
2026-01-03 00:51:34,888 - INFO -       Processed 200,000 documents
2026-01-03 00:51:35,892 - INFO -       Processed 210,000 documents
2026-01-03 00:51:36,866 - INFO -       Processed 220,000 documents
2026-01-03 00:51:37,818 - INFO -       Processed 230,000 documents
2026-01-03 00:51:38,793 - INFO -       Processed 240,000 documents
2026-01-03 00:51:39,758 - INFO -       Processed 250,000 documents
2026-01-03 00:51:40,683 - INFO -       Processed 260,000 documents
2026-01-03 00:51:41,621 - INFO -       Processed 270,000 documents
2026-01-03 00:51:42,560 - INFO -       Processed 280,000 documents
2026-01-03 00:51:43,526 - INFO -       Processed 290,000 documents
2026-01-03 00:51:44,477 - INFO -       Processed 300,000 documents
2026-01-03 00:51:45,414 - INFO -       Processed 310,000 documents
2026-01-03 00:51:46,357 - INFO -       Processed 320,000 documents
2026-01-03 00:51:47,311 - INFO -       Processed 330,000 documents
2026-01-03 00:51:48,244 - INFO -       Processed 340,000 documents
2026-01-03 00:51:49,178 - INFO -       Processed 350,000 documents
2026-01-03 00:51:50,116 - INFO -       Processed 360,000 documents
2026-01-03 00:51:51,057 - INFO -       Processed 370,000 documents
2026-01-03 00:51:51,993 - INFO -       Processed 380,000 documents
2026-01-03 00:51:52,922 - INFO -       Processed 390,000 documents
2026-01-03 00:51:53,847 - INFO -       Processed 400,000 documents
2026-01-03 00:51:54,827 - INFO -       Processed 410,000 documents
2026-01-03 00:51:55,745 - INFO -       Processed 420,000 documents
2026-01-03 00:51:56,710 - INFO -       Processed 430,000 documents
2026-01-03 00:51:57,654 - INFO -       Processed 440,000 documents
2026-01-03 00:51:58,594 - INFO -       Processed 450,000 documents
2026-01-03 00:51:59,510 - INFO -       Processed 460,000 documents
2026-01-03 00:52:00,422 - INFO -       Processed 470,000 documents
2026-01-03 00:52:01,355 - INFO -       Processed 480,000 documents
2026-01-03 00:52:02,275 - INFO -       Processed 490,000 documents
2026-01-03 00:52:03,202 - INFO -       Processed 500,000 documents
2026-01-03 00:52:04,119 - INFO -       Processed 510,000 documents
2026-01-03 00:52:05,047 - INFO -       Processed 520,000 documents
2026-01-03 00:52:05,960 - INFO -       Processed 530,000 documents
2026-01-03 00:52:06,855 - INFO -       Processed 540,000 documents
2026-01-03 00:52:07,748 - INFO -       Processed 550,000 documents
2026-01-03 00:52:08,697 - INFO -       Processed 560,000 documents
2026-01-03 00:52:09,661 - INFO -       Processed 570,000 documents
2026-01-03 00:52:10,628 - INFO -       Processed 580,000 documents
2026-01-03 00:52:11,597 - INFO -       Processed 590,000 documents
2026-01-03 00:52:12,565 - INFO -       Processed 600,000 documents
2026-01-03 00:52:13,526 - INFO -       Processed 610,000 documents
2026-01-03 00:52:14,517 - INFO -       Processed 620,000 documents
2026-01-03 00:52:15,510 - INFO -       Processed 630,000 documents
2026-01-03 00:52:16,428 - INFO -       Processed 640,000 documents
2026-01-03 00:52:17,335 - INFO -       Processed 650,000 documents
2026-01-03 00:52:18,219 - INFO -       Processed 660,000 documents
2026-01-03 00:52:19,111 - INFO -       Processed 670,000 documents
2026-01-03 00:52:20,019 - INFO -       Processed 680,000 documents
2026-01-03 00:52:20,916 - INFO -       Processed 690,000 documents
2026-01-03 00:52:21,822 - INFO -       Processed 700,000 documents
2026-01-03 00:52:22,750 - INFO -       Processed 710,000 documents
2026-01-03 00:52:23,649 - INFO -       Processed 720,000 documents
2026-01-03 00:52:24,549 - INFO -       Processed 730,000 documents
2026-01-03 00:52:25,486 - INFO -       Processed 740,000 documents
2026-01-03 00:52:26,420 - INFO -       Processed 750,000 documents
2026-01-03 00:52:27,290 - INFO -       Processed 760,000 documents
2026-01-03 00:52:28,176 - INFO -       Processed 770,000 documents
2026-01-03 00:52:29,040 - INFO -       Processed 780,000 documents
2026-01-03 00:52:29,949 - INFO -       Processed 790,000 documents
2026-01-03 00:52:30,862 - INFO -       Processed 800,000 documents
2026-01-03 00:52:31,762 - INFO -       Processed 810,000 documents
2026-01-03 00:52:32,671 - INFO -       Processed 820,000 documents
2026-01-03 00:52:33,567 - INFO -       Processed 830,000 documents
2026-01-03 00:52:34,466 - INFO -       Processed 840,000 documents
2026-01-03 00:52:35,400 - INFO -       Processed 850,000 documents
2026-01-03 00:52:36,342 - INFO -       Processed 860,000 documents
2026-01-03 00:52:37,250 - INFO -       Processed 870,000 documents
2026-01-03 00:52:38,158 - INFO -       Processed 880,000 documents
2026-01-03 00:52:39,051 - INFO -       Processed 890,000 documents
2026-01-03 00:52:39,956 - INFO -       Processed 900,000 documents
2026-01-03 00:52:40,842 - INFO -       Processed 910,000 documents
2026-01-03 00:52:41,721 - INFO -       Processed 920,000 documents
2026-01-03 00:52:42,600 - INFO -       Processed 930,000 documents
2026-01-03 00:52:43,482 - INFO -       Processed 940,000 documents
2026-01-03 00:52:44,325 - INFO -       Processed 950,000 documents
2026-01-03 00:52:45,181 - INFO -       Processed 960,000 documents
2026-01-03 00:52:46,041 - INFO -       Processed 970,000 documents
2026-01-03 00:52:46,882 - INFO -       Processed 980,000 documents
2026-01-03 00:52:47,716 - INFO -       Processed 990,000 documents
2026-01-03 00:52:48,579 - INFO -       Processed 1,000,000 documents
2026-01-03 00:52:49,421 - INFO -       Processed 1,010,000 documents
2026-01-03 00:52:50,283 - INFO -       Processed 1,020,000 documents
2026-01-03 00:52:51,210 - INFO -       Processed 1,030,000 documents
2026-01-03 00:52:52,158 - INFO -       Processed 1,040,000 documents
2026-01-03 00:52:53,087 - INFO -       Processed 1,050,000 documents
2026-01-03 00:52:54,008 - INFO -       Processed 1,060,000 documents
2026-01-03 00:52:54,916 - INFO -       Processed 1,070,000 documents
2026-01-03 00:52:55,827 - INFO -       Processed 1,080,000 documents
2026-01-03 00:52:56,740 - INFO -       Processed 1,090,000 documents
2026-01-03 00:52:57,656 - INFO -       Processed 1,100,000 documents
2026-01-03 00:52:58,588 - INFO -       Processed 1,110,000 documents
2026-01-03 00:52:59,497 - INFO -       Processed 1,120,000 documents
2026-01-03 00:53:00,403 - INFO -       Processed 1,130,000 documents
2026-01-03 00:53:01,326 - INFO -       Processed 1,140,000 documents
2026-01-03 00:53:02,233 - INFO -       Processed 1,150,000 documents
2026-01-03 00:53:03,149 - INFO -       Processed 1,160,000 documents
2026-01-03 00:53:04,077 - INFO -       Processed 1,170,000 documents
2026-01-03 00:53:05,019 - INFO -       Processed 1,180,000 documents
2026-01-03 00:53:05,948 - INFO -       Processed 1,190,000 documents
2026-01-03 00:53:06,863 - INFO -       Processed 1,200,000 documents
2026-01-03 00:53:07,791 - INFO -       Processed 1,210,000 documents
2026-01-03 00:53:08,702 - INFO -       Processed 1,220,000 documents
2026-01-03 00:53:09,616 - INFO -       Processed 1,230,000 documents
2026-01-03 00:53:10,545 - INFO -       Processed 1,240,000 documents
2026-01-03 00:53:11,463 - INFO -       Processed 1,250,000 documents
2026-01-03 00:53:12,371 - INFO -       Processed 1,260,000 documents
2026-01-03 00:53:13,273 - INFO -       Processed 1,270,000 documents
2026-01-03 00:53:14,180 - INFO -       Processed 1,280,000 documents
2026-01-03 00:53:15,100 - INFO -       Processed 1,290,000 documents
2026-01-03 00:53:16,008 - INFO -       Processed 1,300,000 documents
2026-01-03 00:53:16,919 - INFO -       Processed 1,310,000 documents
2026-01-03 00:53:17,845 - INFO -       Processed 1,320,000 documents
2026-01-03 00:53:18,754 - INFO -       Processed 1,330,000 documents
2026-01-03 00:53:19,663 - INFO -       Processed 1,340,000 documents
2026-01-03 00:53:20,597 - INFO -       Processed 1,350,000 documents
2026-01-03 00:53:21,530 - INFO -       Processed 1,360,000 documents
2026-01-03 00:53:22,448 - INFO -       Processed 1,370,000 documents
2026-01-03 00:53:23,365 - INFO -       Processed 1,380,000 documents
2026-01-03 00:53:24,281 - INFO -       Processed 1,390,000 documents
2026-01-03 00:53:25,188 - INFO -       Processed 1,400,000 documents
2026-01-03 00:53:26,132 - INFO -       Processed 1,410,000 documents
2026-01-03 00:53:27,053 - INFO -       Processed 1,420,000 documents
2026-01-03 00:53:27,995 - INFO -       Processed 1,430,000 documents
2026-01-03 00:53:28,917 - INFO -       Processed 1,440,000 documents
2026-01-03 00:53:29,852 - INFO -       Processed 1,450,000 documents
2026-01-03 00:53:30,799 - INFO -       Processed 1,460,000 documents
2026-01-03 00:53:31,755 - INFO -       Processed 1,470,000 documents
2026-01-03 00:53:32,676 - INFO -       Processed 1,480,000 documents
2026-01-03 00:53:33,626 - INFO -       Processed 1,490,000 documents
2026-01-03 00:53:34,563 - INFO -       Processed 1,500,000 documents
2026-01-03 00:53:35,497 - INFO -       Processed 1,510,000 documents
2026-01-03 00:53:36,410 - INFO -       Processed 1,520,000 documents
2026-01-03 00:53:37,337 - INFO -       Processed 1,530,000 documents
2026-01-03 00:53:38,248 - INFO -       Processed 1,540,000 documents
2026-01-03 00:53:39,168 - INFO -       Processed 1,550,000 documents
2026-01-03 00:53:40,085 - INFO -       Processed 1,560,000 documents
2026-01-03 00:53:40,986 - INFO -       Processed 1,570,000 documents
2026-01-03 00:53:41,892 - INFO -       Processed 1,580,000 documents
2026-01-03 00:53:42,785 - INFO -       Processed 1,590,000 documents
2026-01-03 00:53:43,692 - INFO -       Processed 1,600,000 documents
2026-01-03 00:53:44,581 - INFO -       Processed 1,610,000 documents
2026-01-03 00:53:45,496 - INFO -       Processed 1,620,000 documents
2026-01-03 00:53:46,400 - INFO -       Processed 1,630,000 documents
2026-01-03 00:53:47,317 - INFO -       Processed 1,640,000 documents
2026-01-03 00:53:48,235 - INFO -       Processed 1,650,000 documents
2026-01-03 00:53:49,154 - INFO -       Processed 1,660,000 documents
2026-01-03 00:53:50,082 - INFO -       Processed 1,670,000 documents
2026-01-03 00:53:51,031 - INFO -       Processed 1,680,000 documents
2026-01-03 00:53:51,966 - INFO -       Processed 1,690,000 documents
2026-01-03 00:53:52,910 - INFO -       Processed 1,700,000 documents
2026-01-03 00:53:53,830 - INFO -       Processed 1,710,000 documents
2026-01-03 00:53:54,737 - INFO -       Processed 1,720,000 documents
2026-01-03 00:53:55,664 - INFO -       Processed 1,730,000 documents
2026-01-03 00:53:56,589 - INFO -       Processed 1,740,000 documents
2026-01-03 00:53:57,515 - INFO -       Processed 1,750,000 documents
2026-01-03 00:53:58,432 - INFO -       Processed 1,760,000 documents
2026-01-03 00:53:59,382 - INFO -       Processed 1,770,000 documents
2026-01-03 00:54:00,316 - INFO -       Processed 1,780,000 documents
2026-01-03 00:54:01,314 - INFO -       Processed 1,790,000 documents
2026-01-03 00:54:02,300 - INFO -       Processed 1,800,000 documents
2026-01-03 00:54:03,256 - INFO -       Processed 1,810,000 documents
2026-01-03 00:54:04,250 - INFO -       Processed 1,820,000 documents
2026-01-03 00:54:05,223 - INFO -       Processed 1,830,000 documents
2026-01-03 00:54:06,170 - INFO -       Processed 1,840,000 documents
2026-01-03 00:54:07,118 - INFO -       Processed 1,850,000 documents
2026-01-03 00:54:08,053 - INFO -       Processed 1,860,000 documents
2026-01-03 00:54:08,980 - INFO -       Processed 1,870,000 documents
2026-01-03 00:54:09,911 - INFO -       Processed 1,880,000 documents
2026-01-03 00:54:10,861 - INFO -       Processed 1,890,000 documents
2026-01-03 00:54:11,798 - INFO -       Processed 1,900,000 documents
2026-01-03 00:54:12,714 - INFO -       Processed 1,910,000 documents
2026-01-03 00:54:13,635 - INFO -       Processed 1,920,000 documents
2026-01-03 00:54:14,530 - INFO -       Processed 1,930,000 documents
2026-01-03 00:54:15,453 - INFO -       Processed 1,940,000 documents
2026-01-03 00:54:16,378 - INFO -       Processed 1,950,000 documents
2026-01-03 00:54:17,310 - INFO -       Processed 1,960,000 documents
2026-01-03 00:54:18,242 - INFO -       Processed 1,970,000 documents
2026-01-03 00:54:19,190 - INFO -       Processed 1,980,000 documents
2026-01-03 00:54:20,130 - INFO -       Processed 1,990,000 documents
2026-01-03 00:54:21,052 - INFO -       Processed 2,000,000 documents
2026-01-03 00:54:21,936 - INFO -       Processed 2,010,000 documents
2026-01-03 00:54:22,842 - INFO -       Processed 2,020,000 documents
2026-01-03 00:54:23,746 - INFO -       Processed 2,030,000 documents
2026-01-03 00:54:24,645 - INFO -       Processed 2,040,000 documents
2026-01-03 00:54:25,551 - INFO -       Processed 2,050,000 documents
2026-01-03 00:54:26,444 - INFO -       Processed 2,060,000 documents
2026-01-03 00:54:27,341 - INFO -       Processed 2,070,000 documents
2026-01-03 00:54:28,216 - INFO -       Processed 2,080,000 documents
2026-01-03 00:54:29,060 - INFO -       Processed 2,090,000 documents
2026-01-03 00:54:29,876 - INFO -       Processed 2,100,000 documents
2026-01-03 00:54:30,707 - INFO -       Processed 2,110,000 documents
2026-01-03 00:54:31,542 - INFO -       Processed 2,120,000 documents
2026-01-03 00:54:32,362 - INFO -       Processed 2,130,000 documents
2026-01-03 00:54:33,177 - INFO -       Processed 2,140,000 documents
2026-01-03 00:54:34,006 - INFO -       Processed 2,150,000 documents
2026-01-03 00:54:34,821 - INFO -       Processed 2,160,000 documents
2026-01-03 00:54:35,646 - INFO -       Processed 2,170,000 documents
2026-01-03 00:54:36,466 - INFO -       Processed 2,180,000 documents
2026-01-03 00:54:37,280 - INFO -       Processed 2,190,000 documents
2026-01-03 00:54:38,103 - INFO -       Processed 2,200,000 documents
2026-01-03 00:54:38,932 - INFO -       Processed 2,210,000 documents
2026-01-03 00:54:39,745 - INFO -       Processed 2,220,000 documents
2026-01-03 00:54:40,580 - INFO -       Processed 2,230,000 documents
2026-01-03 00:54:41,426 - INFO -       Processed 2,240,000 documents
2026-01-03 00:54:42,278 - INFO -       Processed 2,250,000 documents
2026-01-03 00:54:43,126 - INFO -       Processed 2,260,000 documents
2026-01-03 00:54:43,967 - INFO -       Processed 2,270,000 documents
2026-01-03 00:54:44,811 - INFO -       Processed 2,280,000 documents
2026-01-03 00:54:45,648 - INFO -       Processed 2,290,000 documents
2026-01-03 00:54:46,486 - INFO -       Processed 2,300,000 documents
2026-01-03 00:54:47,309 - INFO -       Processed 2,310,000 documents
2026-01-03 00:54:48,144 - INFO -       Processed 2,320,000 documents
2026-01-03 00:54:48,974 - INFO -       Processed 2,330,000 documents
2026-01-03 00:54:49,819 - INFO -       Processed 2,340,000 documents
2026-01-03 00:54:50,669 - INFO -       Processed 2,350,000 documents
2026-01-03 00:54:51,507 - INFO -       Processed 2,360,000 documents
2026-01-03 00:54:52,351 - INFO -       Processed 2,370,000 documents
2026-01-03 00:54:53,193 - INFO -       Processed 2,380,000 documents
2026-01-03 00:54:54,036 - INFO -       Processed 2,390,000 documents
2026-01-03 00:54:54,883 - INFO -       Processed 2,400,000 documents
2026-01-03 00:54:55,710 - INFO -       Processed 2,410,000 documents
2026-01-03 00:54:56,532 - INFO -       Processed 2,420,000 documents
2026-01-03 00:54:57,356 - INFO -       Processed 2,430,000 documents
2026-01-03 00:54:58,176 - INFO -       Processed 2,440,000 documents
2026-01-03 00:54:58,996 - INFO -       Processed 2,450,000 documents
2026-01-03 00:54:59,815 - INFO -       Processed 2,460,000 documents
2026-01-03 00:55:00,635 - INFO -       Processed 2,470,000 documents
2026-01-03 00:55:01,461 - INFO -       Processed 2,480,000 documents
2026-01-03 00:55:02,266 - INFO -       Processed 2,490,000 documents
2026-01-03 00:55:03,083 - INFO -       Processed 2,500,000 documents
2026-01-03 00:55:03,893 - INFO -       Processed 2,510,000 documents
2026-01-03 00:55:04,712 - INFO -       Processed 2,520,000 documents
2026-01-03 00:55:05,541 - INFO -       Processed 2,530,000 documents
2026-01-03 00:55:06,374 - INFO -       Processed 2,540,000 documents
2026-01-03 00:55:07,213 - INFO -       Processed 2,550,000 documents
2026-01-03 00:55:08,051 - INFO -       Processed 2,560,000 documents
2026-01-03 00:55:08,924 - INFO -       Processed 2,570,000 documents
2026-01-03 00:55:09,801 - INFO -       Processed 2,580,000 documents
2026-01-03 00:55:10,665 - INFO -       Processed 2,590,000 documents
2026-01-03 00:55:11,563 - INFO -       Processed 2,600,000 documents
2026-01-03 00:55:12,458 - INFO -       Processed 2,610,000 documents
2026-01-03 00:55:13,356 - INFO -       Processed 2,620,000 documents
2026-01-03 00:55:14,258 - INFO -       Processed 2,630,000 documents
2026-01-03 00:55:15,152 - INFO -       Processed 2,640,000 documents
2026-01-03 00:55:16,040 - INFO -       Processed 2,650,000 documents
2026-01-03 00:55:16,931 - INFO -       Processed 2,660,000 documents
2026-01-03 00:55:17,813 - INFO -       Processed 2,670,000 documents
