2026-01-03 08:10:58,549 - INFO - ============================================================
2026-01-03 08:10:58,549 - INFO - Loading benchmark queries
2026-01-03 08:10:58,549 - INFO - ============================================================
2026-01-03 08:10:58,549 - INFO - ✓ Loaded 20 queries from benchmark_results/queries_20260103_081055.jsonl
2026-01-03 08:10:58,550 - INFO - 
2026-01-03 08:10:58,550 - INFO - ============================================================
2026-01-03 08:10:58,550 - INFO - Initializing indexer (loading embedding models)
2026-01-03 08:10:58,550 - INFO - ============================================================
2026-01-03 08:10:58,550 - INFO -   Root model: models/root_embeddings/best_model.pt
2026-01-03 08:10:58,550 - INFO -   Affix model: models/affix_transforms_v2/best_model.pt
2026-01-03 08:10:58,550 - INFO - Loading root embeddings from models/root_embeddings/best_model.pt
2026-01-03 08:10:58,561 - INFO -   Loaded 11121 roots, 64d
2026-01-03 08:10:58,561 - INFO - Loading affix transforms from models/affix_transforms_v2/best_model.pt
2026-01-03 08:10:58,583 - INFO -   Loaded 12 prefix, 29 suffix transforms
2026-01-03 08:10:58,585 - INFO - ✓ Indexer loaded in 0.0s
2026-01-03 08:10:58,585 - INFO - 
2026-01-03 08:10:58,585 - INFO - ============================================================
2026-01-03 08:10:58,585 - INFO - Benchmarking: mmap
2026-01-03 08:10:58,586 - INFO - ============================================================
2026-01-03 08:10:58,586 - INFO -   Initializing mmap retriever...
2026-01-03 08:10:58,586 - INFO - Loading memory-mapped index from data/indexes/slot_test
2026-01-03 08:10:58,657 - INFO -   Loaded 1,000 document metadata
2026-01-03 08:10:58,657 - INFO -   Creating memory-mapped arrays...
2026-01-03 08:10:58,734 - INFO -     SUBJ: (1000, 64)
2026-01-03 08:10:58,735 - INFO -     VERB: (1000, 64)
2026-01-03 08:10:58,735 - INFO -     OBJ: (1000, 64)
2026-01-03 08:10:58,735 - INFO -     full: (1000, 64)
2026-01-03 08:10:58,735 - INFO -   ✓ Retriever initialized in 0.1s
2026-01-03 08:10:58,735 - INFO - 
2026-01-03 08:10:58,735 - INFO -   Starting benchmark run (20 queries)...
2026-01-03 08:10:58,736 - INFO - 
2026-01-03 08:10:58,736 - INFO - Benchmarking MemoryMappedSlotRetriever
2026-01-03 08:10:58,962 - INFO -   [5/20] | Latency: 44.9ms | Recall: 0.800 | Memory: 676MB | ETA: 0s
2026-01-03 08:10:59,185 - INFO -   [10/20] | Latency: 44.2ms | Recall: 1.000 | Memory: 676MB | ETA: 0s | 💾 checkpoint
2026-01-03 08:10:59,409 - INFO -   [15/20] | Latency: 44.4ms | Recall: 1.000 | Memory: 676MB | ETA: 0s
2026-01-03 08:10:59,639 - INFO -   [20/20] | Latency: 45.7ms | Recall: 0.800 | Memory: 676MB | ETA: 0s | 💾 checkpoint
2026-01-03 08:10:59,645 - INFO - 
2026-01-03 08:10:59,645 - INFO -   ✓ Benchmark completed in 0.9s
2026-01-03 08:10:59,645 - INFO -   Saved results to benchmark_results/mmap_results.json
2026-01-03 08:10:59,645 - INFO - ============================================================
2026-01-03 08:10:59,645 - INFO - RESULTS SUMMARY: mmap
2026-01-03 08:10:59,645 - INFO - ============================================================
2026-01-03 08:10:59,645 - INFO - 
2026-01-03 08:10:59,645 - INFO - Latency Metrics:
2026-01-03 08:10:59,645 - INFO -   Mean:        44.82 ms
2026-01-03 08:10:59,645 - INFO -   Median:      44.32 ms
2026-01-03 08:10:59,645 - INFO -   P95:         50.86 ms
2026-01-03 08:10:59,645 - INFO -   P99:         50.94 ms
2026-01-03 08:10:59,645 - INFO -   Range:       34.40 - 50.96 ms
2026-01-03 08:10:59,645 - INFO - 
2026-01-03 08:10:59,645 - INFO - Memory Usage:
2026-01-03 08:10:59,645 - INFO -   Peak:        675.8 MB
2026-01-03 08:10:59,645 - INFO -   Delta:         4.3 MB (increase from baseline)
2026-01-03 08:10:59,645 - INFO - 
2026-01-03 08:10:59,645 - INFO - Accuracy Metrics:
2026-01-03 08:10:59,645 - INFO -   Recall@10:   0.900 (90.0%)
2026-01-03 08:10:59,645 - INFO -   MRR:         0.860
2026-01-03 08:10:59,645 - INFO -   NDCG@10:     0.869
2026-01-03 08:10:59,645 - INFO - 
2026-01-03 08:10:59,645 - INFO - ============================================================
2026-01-03 08:10:59,645 - INFO - 
2026-01-03 08:10:59,645 - INFO - ============================================================
2026-01-03 08:10:59,645 - INFO - Saving results to benchmark_results/mmap_20260103_081055.json

====================================================================================================
FINAL BENCHMARK COMPARISON
====================================================================================================

Index: data/indexes/slot_test
Queries: 20

Solution        Mean (ms)    Median (ms)  P95 (ms)     Memory (MB)  Recall@10   
----------------------------------------------------------------------------------------------------
MemoryMappedSlotRetriever 44.82        44.32        50.86        4.3          0.900       

====================================================================================================

