2026-01-03 01:31:46,217 - INFO - ============================================================
2026-01-03 01:31:46,218 - INFO - Loading benchmark queries
2026-01-03 01:31:46,218 - INFO - ============================================================
2026-01-03 01:31:46,218 - INFO - ✓ Loaded 50 queries from benchmark_results/queries_20260103_013141.jsonl
2026-01-03 01:31:46,218 - INFO - 
2026-01-03 01:31:46,218 - INFO - ============================================================
2026-01-03 01:31:46,218 - INFO - Initializing indexer (loading embedding models)
2026-01-03 01:31:46,218 - INFO - ============================================================
2026-01-03 01:31:46,218 - INFO -   Root model: models/root_embeddings/best_model.pt
2026-01-03 01:31:46,218 - INFO -   Affix model: models/affix_transforms_v2/best_model.pt
2026-01-03 01:31:46,218 - INFO - Loading root embeddings from models/root_embeddings/best_model.pt
2026-01-03 01:31:46,230 - INFO -   Loaded 11121 roots, 64d
2026-01-03 01:31:46,230 - INFO - Loading affix transforms from models/affix_transforms_v2/best_model.pt
2026-01-03 01:31:46,252 - INFO -   Loaded 12 prefix, 29 suffix transforms
2026-01-03 01:31:46,254 - INFO - ✓ Indexer loaded in 0.0s
2026-01-03 01:31:46,254 - INFO - 
2026-01-03 01:31:46,254 - INFO - ============================================================
2026-01-03 01:31:46,254 - INFO - Benchmarking: mmap
2026-01-03 01:31:46,254 - INFO - ============================================================
2026-01-03 01:31:46,254 - INFO -   Initializing mmap retriever...
2026-01-03 01:31:46,254 - INFO - Loading memory-mapped index from data/indexes/slot_full
2026-01-03 01:37:19,633 - INFO -   Loaded 4,229,277 document metadata
2026-01-03 01:37:19,633 - INFO -   Creating memory-mapped arrays...
2026-01-03 01:37:21,197 - INFO -       Processed 10,000 documents
2026-01-03 01:37:21,880 - INFO -       Processed 20,000 documents
2026-01-03 01:37:22,620 - INFO -       Processed 30,000 documents
2026-01-03 01:37:23,364 - INFO -       Processed 40,000 documents
2026-01-03 01:37:24,148 - INFO -       Processed 50,000 documents
2026-01-03 01:37:24,954 - INFO -       Processed 60,000 documents
2026-01-03 01:37:25,739 - INFO -       Processed 70,000 documents
2026-01-03 01:37:26,540 - INFO -       Processed 80,000 documents
2026-01-03 01:37:27,325 - INFO -       Processed 90,000 documents
2026-01-03 01:37:28,131 - INFO -       Processed 100,000 documents
2026-01-03 01:37:28,922 - INFO -       Processed 110,000 documents
2026-01-03 01:37:29,721 - INFO -       Processed 120,000 documents
2026-01-03 01:37:30,508 - INFO -       Processed 130,000 documents
2026-01-03 01:37:31,306 - INFO -       Processed 140,000 documents
2026-01-03 01:37:32,090 - INFO -       Processed 150,000 documents
2026-01-03 01:37:32,891 - INFO -       Processed 160,000 documents
2026-01-03 01:37:33,697 - INFO -       Processed 170,000 documents
2026-01-03 01:37:34,489 - INFO -       Processed 180,000 documents
2026-01-03 01:37:35,269 - INFO -       Processed 190,000 documents
2026-01-03 01:37:36,037 - INFO -       Processed 200,000 documents
2026-01-03 01:37:36,828 - INFO -       Processed 210,000 documents
2026-01-03 01:37:37,603 - INFO -       Processed 220,000 documents
2026-01-03 01:37:38,361 - INFO -       Processed 230,000 documents
2026-01-03 01:37:39,134 - INFO -       Processed 240,000 documents
2026-01-03 01:37:39,903 - INFO -       Processed 250,000 documents
2026-01-03 01:37:40,670 - INFO -       Processed 260,000 documents
2026-01-03 01:37:41,445 - INFO -       Processed 270,000 documents
2026-01-03 01:37:42,217 - INFO -       Processed 280,000 documents
2026-01-03 01:37:43,008 - INFO -       Processed 290,000 documents
2026-01-03 01:37:43,788 - INFO -       Processed 300,000 documents
2026-01-03 01:37:44,569 - INFO -       Processed 310,000 documents
2026-01-03 01:37:45,344 - INFO -       Processed 320,000 documents
2026-01-03 01:37:46,128 - INFO -       Processed 330,000 documents
2026-01-03 01:37:46,900 - INFO -       Processed 340,000 documents
2026-01-03 01:37:47,684 - INFO -       Processed 350,000 documents
2026-01-03 01:37:48,455 - INFO -       Processed 360,000 documents
2026-01-03 01:37:49,227 - INFO -       Processed 370,000 documents
2026-01-03 01:37:50,004 - INFO -       Processed 380,000 documents
2026-01-03 01:37:50,784 - INFO -       Processed 390,000 documents
2026-01-03 01:37:51,545 - INFO -       Processed 400,000 documents
2026-01-03 01:37:52,346 - INFO -       Processed 410,000 documents
2026-01-03 01:37:53,095 - INFO -       Processed 420,000 documents
2026-01-03 01:37:53,890 - INFO -       Processed 430,000 documents
2026-01-03 01:37:54,668 - INFO -       Processed 440,000 documents
2026-01-03 01:37:55,444 - INFO -       Processed 450,000 documents
2026-01-03 01:37:56,222 - INFO -       Processed 460,000 documents
2026-01-03 01:37:57,011 - INFO -       Processed 470,000 documents
2026-01-03 01:37:57,789 - INFO -       Processed 480,000 documents
2026-01-03 01:37:58,567 - INFO -       Processed 490,000 documents
2026-01-03 01:37:59,345 - INFO -       Processed 500,000 documents
2026-01-03 01:38:00,130 - INFO -       Processed 510,000 documents
2026-01-03 01:38:00,917 - INFO -       Processed 520,000 documents
2026-01-03 01:38:01,686 - INFO -       Processed 530,000 documents
2026-01-03 01:38:02,442 - INFO -       Processed 540,000 documents
2026-01-03 01:38:03,202 - INFO -       Processed 550,000 documents
2026-01-03 01:38:03,977 - INFO -       Processed 560,000 documents
2026-01-03 01:38:04,745 - INFO -       Processed 570,000 documents
2026-01-03 01:38:05,521 - INFO -       Processed 580,000 documents
2026-01-03 01:38:06,302 - INFO -       Processed 590,000 documents
2026-01-03 01:38:07,091 - INFO -       Processed 600,000 documents
2026-01-03 01:38:07,863 - INFO -       Processed 610,000 documents
2026-01-03 01:38:08,647 - INFO -       Processed 620,000 documents
2026-01-03 01:38:09,430 - INFO -       Processed 630,000 documents
2026-01-03 01:38:10,194 - INFO -       Processed 640,000 documents
2026-01-03 01:38:10,951 - INFO -       Processed 650,000 documents
2026-01-03 01:38:11,695 - INFO -       Processed 660,000 documents
2026-01-03 01:38:12,440 - INFO -       Processed 670,000 documents
2026-01-03 01:38:13,208 - INFO -       Processed 680,000 documents
2026-01-03 01:38:13,966 - INFO -       Processed 690,000 documents
2026-01-03 01:38:14,725 - INFO -       Processed 700,000 documents
2026-01-03 01:38:15,493 - INFO -       Processed 710,000 documents
2026-01-03 01:38:16,245 - INFO -       Processed 720,000 documents
2026-01-03 01:38:17,012 - INFO -       Processed 730,000 documents
2026-01-03 01:38:17,797 - INFO -       Processed 740,000 documents
2026-01-03 01:38:18,576 - INFO -       Processed 750,000 documents
2026-01-03 01:38:19,306 - INFO -       Processed 760,000 documents
2026-01-03 01:38:20,058 - INFO -       Processed 770,000 documents
2026-01-03 01:38:20,773 - INFO -       Processed 780,000 documents
2026-01-03 01:38:21,518 - INFO -       Processed 790,000 documents
2026-01-03 01:38:22,277 - INFO -       Processed 800,000 documents
2026-01-03 01:38:23,039 - INFO -       Processed 810,000 documents
2026-01-03 01:38:23,799 - INFO -       Processed 820,000 documents
2026-01-03 01:38:24,554 - INFO -       Processed 830,000 documents
2026-01-03 01:38:25,309 - INFO -       Processed 840,000 documents
2026-01-03 01:38:26,060 - INFO -       Processed 850,000 documents
2026-01-03 01:38:26,864 - INFO -       Processed 860,000 documents
2026-01-03 01:38:27,670 - INFO -       Processed 870,000 documents
2026-01-03 01:38:28,478 - INFO -       Processed 880,000 documents
2026-01-03 01:38:29,277 - INFO -       Processed 890,000 documents
2026-01-03 01:38:30,075 - INFO -       Processed 900,000 documents
2026-01-03 01:38:30,855 - INFO -       Processed 910,000 documents
2026-01-03 01:38:31,642 - INFO -       Processed 920,000 documents
2026-01-03 01:38:32,425 - INFO -       Processed 930,000 documents
2026-01-03 01:38:33,265 - INFO -       Processed 940,000 documents
2026-01-03 01:38:34,068 - INFO -       Processed 950,000 documents
2026-01-03 01:38:34,880 - INFO -       Processed 960,000 documents
2026-01-03 01:38:35,695 - INFO -       Processed 970,000 documents
2026-01-03 01:38:36,507 - INFO -       Processed 980,000 documents
2026-01-03 01:38:37,312 - INFO -       Processed 990,000 documents
2026-01-03 01:38:38,143 - INFO -       Processed 1,000,000 documents
2026-01-03 01:38:38,954 - INFO -       Processed 1,010,000 documents
2026-01-03 01:38:39,784 - INFO -       Processed 1,020,000 documents
2026-01-03 01:38:40,625 - INFO -       Processed 1,030,000 documents
2026-01-03 01:38:41,463 - INFO -       Processed 1,040,000 documents
2026-01-03 01:38:42,297 - INFO -       Processed 1,050,000 documents
2026-01-03 01:38:43,130 - INFO -       Processed 1,060,000 documents
2026-01-03 01:38:43,948 - INFO -       Processed 1,070,000 documents
2026-01-03 01:38:44,770 - INFO -       Processed 1,080,000 documents
2026-01-03 01:38:45,598 - INFO -       Processed 1,090,000 documents
2026-01-03 01:38:46,427 - INFO -       Processed 1,100,000 documents
2026-01-03 01:38:47,256 - INFO -       Processed 1,110,000 documents
2026-01-03 01:38:48,077 - INFO -       Processed 1,120,000 documents
2026-01-03 01:38:48,899 - INFO -       Processed 1,130,000 documents
2026-01-03 01:38:49,730 - INFO -       Processed 1,140,000 documents
2026-01-03 01:38:50,550 - INFO -       Processed 1,150,000 documents
2026-01-03 01:38:51,371 - INFO -       Processed 1,160,000 documents
2026-01-03 01:38:52,192 - INFO -       Processed 1,170,000 documents
2026-01-03 01:38:53,025 - INFO -       Processed 1,180,000 documents
2026-01-03 01:38:53,849 - INFO -       Processed 1,190,000 documents
2026-01-03 01:38:54,671 - INFO -       Processed 1,200,000 documents
2026-01-03 01:38:55,497 - INFO -       Processed 1,210,000 documents
2026-01-03 01:38:56,317 - INFO -       Processed 1,220,000 documents
2026-01-03 01:38:57,131 - INFO -       Processed 1,230,000 documents
2026-01-03 01:38:57,951 - INFO -       Processed 1,240,000 documents
2026-01-03 01:38:58,759 - INFO -       Processed 1,250,000 documents
2026-01-03 01:38:59,573 - INFO -       Processed 1,260,000 documents
2026-01-03 01:39:00,378 - INFO -       Processed 1,270,000 documents
2026-01-03 01:39:01,184 - INFO -       Processed 1,280,000 documents
2026-01-03 01:39:02,004 - INFO -       Processed 1,290,000 documents
2026-01-03 01:39:02,813 - INFO -       Processed 1,300,000 documents
2026-01-03 01:39:03,624 - INFO -       Processed 1,310,000 documents
2026-01-03 01:39:04,440 - INFO -       Processed 1,320,000 documents
2026-01-03 01:39:05,251 - INFO -       Processed 1,330,000 documents
2026-01-03 01:39:06,067 - INFO -       Processed 1,340,000 documents
2026-01-03 01:39:06,895 - INFO -       Processed 1,350,000 documents
2026-01-03 01:39:07,712 - INFO -       Processed 1,360,000 documents
2026-01-03 01:39:08,536 - INFO -       Processed 1,370,000 documents
2026-01-03 01:39:09,354 - INFO -       Processed 1,380,000 documents
2026-01-03 01:39:10,167 - INFO -       Processed 1,390,000 documents
2026-01-03 01:39:10,967 - INFO -       Processed 1,400,000 documents
2026-01-03 01:39:11,786 - INFO -       Processed 1,410,000 documents
2026-01-03 01:39:12,596 - INFO -       Processed 1,420,000 documents
2026-01-03 01:39:13,414 - INFO -       Processed 1,430,000 documents
2026-01-03 01:39:14,216 - INFO -       Processed 1,440,000 documents
2026-01-03 01:39:15,034 - INFO -       Processed 1,450,000 documents
2026-01-03 01:39:15,853 - INFO -       Processed 1,460,000 documents
2026-01-03 01:39:16,624 - INFO -       Processed 1,470,000 documents
2026-01-03 01:39:17,372 - INFO -       Processed 1,480,000 documents
2026-01-03 01:39:18,140 - INFO -       Processed 1,490,000 documents
2026-01-03 01:39:18,908 - INFO -       Processed 1,500,000 documents
2026-01-03 01:39:19,679 - INFO -       Processed 1,510,000 documents
2026-01-03 01:39:20,436 - INFO -       Processed 1,520,000 documents
2026-01-03 01:39:21,192 - INFO -       Processed 1,530,000 documents
2026-01-03 01:39:21,961 - INFO -       Processed 1,540,000 documents
2026-01-03 01:39:22,720 - INFO -       Processed 1,550,000 documents
2026-01-03 01:39:23,486 - INFO -       Processed 1,560,000 documents
2026-01-03 01:39:24,238 - INFO -       Processed 1,570,000 documents
2026-01-03 01:39:25,002 - INFO -       Processed 1,580,000 documents
2026-01-03 01:39:25,761 - INFO -       Processed 1,590,000 documents
2026-01-03 01:39:26,519 - INFO -       Processed 1,600,000 documents
2026-01-03 01:39:27,267 - INFO -       Processed 1,610,000 documents
2026-01-03 01:39:28,037 - INFO -       Processed 1,620,000 documents
2026-01-03 01:39:28,797 - INFO -       Processed 1,630,000 documents
2026-01-03 01:39:29,559 - INFO -       Processed 1,640,000 documents
2026-01-03 01:39:30,313 - INFO -       Processed 1,650,000 documents
2026-01-03 01:39:31,073 - INFO -       Processed 1,660,000 documents
2026-01-03 01:39:31,850 - INFO -       Processed 1,670,000 documents
2026-01-03 01:39:32,606 - INFO -       Processed 1,680,000 documents
2026-01-03 01:39:33,369 - INFO -       Processed 1,690,000 documents
2026-01-03 01:39:34,137 - INFO -       Processed 1,700,000 documents
2026-01-03 01:39:34,904 - INFO -       Processed 1,710,000 documents
2026-01-03 01:39:35,643 - INFO -       Processed 1,720,000 documents
2026-01-03 01:39:36,407 - INFO -       Processed 1,730,000 documents
2026-01-03 01:39:37,174 - INFO -       Processed 1,740,000 documents
2026-01-03 01:39:37,958 - INFO -       Processed 1,750,000 documents
2026-01-03 01:39:38,727 - INFO -       Processed 1,760,000 documents
2026-01-03 01:39:39,509 - INFO -       Processed 1,770,000 documents
2026-01-03 01:39:40,290 - INFO -       Processed 1,780,000 documents
2026-01-03 01:39:41,073 - INFO -       Processed 1,790,000 documents
2026-01-03 01:39:41,846 - INFO -       Processed 1,800,000 documents
2026-01-03 01:39:42,596 - INFO -       Processed 1,810,000 documents
2026-01-03 01:39:43,363 - INFO -       Processed 1,820,000 documents
2026-01-03 01:39:44,151 - INFO -       Processed 1,830,000 documents
2026-01-03 01:39:44,925 - INFO -       Processed 1,840,000 documents
2026-01-03 01:39:45,706 - INFO -       Processed 1,850,000 documents
2026-01-03 01:39:46,478 - INFO -       Processed 1,860,000 documents
2026-01-03 01:39:47,239 - INFO -       Processed 1,870,000 documents
2026-01-03 01:39:48,005 - INFO -       Processed 1,880,000 documents
2026-01-03 01:39:48,789 - INFO -       Processed 1,890,000 documents
2026-01-03 01:39:49,557 - INFO -       Processed 1,900,000 documents
2026-01-03 01:39:50,331 - INFO -       Processed 1,910,000 documents
2026-01-03 01:39:51,107 - INFO -       Processed 1,920,000 documents
2026-01-03 01:39:51,871 - INFO -       Processed 1,930,000 documents
2026-01-03 01:39:52,633 - INFO -       Processed 1,940,000 documents
2026-01-03 01:39:53,398 - INFO -       Processed 1,950,000 documents
2026-01-03 01:39:54,177 - INFO -       Processed 1,960,000 documents
2026-01-03 01:39:54,948 - INFO -       Processed 1,970,000 documents
2026-01-03 01:39:55,721 - INFO -       Processed 1,980,000 documents
2026-01-03 01:39:56,494 - INFO -       Processed 1,990,000 documents
2026-01-03 01:39:57,267 - INFO -       Processed 2,000,000 documents
2026-01-03 01:39:58,030 - INFO -       Processed 2,010,000 documents
2026-01-03 01:39:58,806 - INFO -       Processed 2,020,000 documents
2026-01-03 01:39:59,583 - INFO -       Processed 2,030,000 documents
2026-01-03 01:40:00,368 - INFO -       Processed 2,040,000 documents
2026-01-03 01:40:01,150 - INFO -       Processed 2,050,000 documents
2026-01-03 01:40:01,917 - INFO -       Processed 2,060,000 documents
2026-01-03 01:40:02,686 - INFO -       Processed 2,070,000 documents
2026-01-03 01:40:03,455 - INFO -       Processed 2,080,000 documents
2026-01-03 01:40:04,220 - INFO -       Processed 2,090,000 documents
2026-01-03 01:40:04,987 - INFO -       Processed 2,100,000 documents
2026-01-03 01:40:05,762 - INFO -       Processed 2,110,000 documents
2026-01-03 01:40:06,540 - INFO -       Processed 2,120,000 documents
2026-01-03 01:40:07,305 - INFO -       Processed 2,130,000 documents
2026-01-03 01:40:08,060 - INFO -       Processed 2,140,000 documents
2026-01-03 01:40:08,825 - INFO -       Processed 2,150,000 documents
2026-01-03 01:40:09,572 - INFO -       Processed 2,160,000 documents
2026-01-03 01:40:10,331 - INFO -       Processed 2,170,000 documents
2026-01-03 01:40:11,088 - INFO -       Processed 2,180,000 documents
2026-01-03 01:40:11,842 - INFO -       Processed 2,190,000 documents
2026-01-03 01:40:12,604 - INFO -       Processed 2,200,000 documents
2026-01-03 01:40:13,374 - INFO -       Processed 2,210,000 documents
2026-01-03 01:40:14,125 - INFO -       Processed 2,220,000 documents
2026-01-03 01:40:14,889 - INFO -       Processed 2,230,000 documents
2026-01-03 01:40:15,639 - INFO -       Processed 2,240,000 documents
2026-01-03 01:40:16,395 - INFO -       Processed 2,250,000 documents
2026-01-03 01:40:17,160 - INFO -       Processed 2,260,000 documents
2026-01-03 01:40:17,912 - INFO -       Processed 2,270,000 documents
2026-01-03 01:40:18,667 - INFO -       Processed 2,280,000 documents
2026-01-03 01:40:19,415 - INFO -       Processed 2,290,000 documents
2026-01-03 01:40:20,174 - INFO -       Processed 2,300,000 documents
2026-01-03 01:40:20,908 - INFO -       Processed 2,310,000 documents
2026-01-03 01:40:21,649 - INFO -       Processed 2,320,000 documents
2026-01-03 01:40:22,387 - INFO -       Processed 2,330,000 documents
2026-01-03 01:40:23,143 - INFO -       Processed 2,340,000 documents
2026-01-03 01:40:23,905 - INFO -       Processed 2,350,000 documents
2026-01-03 01:40:24,655 - INFO -       Processed 2,360,000 documents
2026-01-03 01:40:25,413 - INFO -       Processed 2,370,000 documents
2026-01-03 01:40:26,170 - INFO -       Processed 2,380,000 documents
2026-01-03 01:40:26,926 - INFO -       Processed 2,390,000 documents
2026-01-03 01:40:27,668 - INFO -       Processed 2,400,000 documents
2026-01-03 01:40:28,404 - INFO -       Processed 2,410,000 documents
2026-01-03 01:40:29,140 - INFO -       Processed 2,420,000 documents
2026-01-03 01:40:29,904 - INFO -       Processed 2,430,000 documents
2026-01-03 01:40:30,651 - INFO -       Processed 2,440,000 documents
2026-01-03 01:40:31,397 - INFO -       Processed 2,450,000 documents
2026-01-03 01:40:32,143 - INFO -       Processed 2,460,000 documents
2026-01-03 01:40:32,890 - INFO -       Processed 2,470,000 documents
2026-01-03 01:40:33,642 - INFO -       Processed 2,480,000 documents
2026-01-03 01:40:34,383 - INFO -       Processed 2,490,000 documents
2026-01-03 01:40:35,126 - INFO -       Processed 2,500,000 documents
2026-01-03 01:40:35,867 - INFO -       Processed 2,510,000 documents
2026-01-03 01:40:36,614 - INFO -       Processed 2,520,000 documents
2026-01-03 01:40:37,374 - INFO -       Processed 2,530,000 documents
2026-01-03 01:40:38,128 - INFO -       Processed 2,540,000 documents
2026-01-03 01:40:38,874 - INFO -       Processed 2,550,000 documents
2026-01-03 01:40:39,631 - INFO -       Processed 2,560,000 documents
2026-01-03 01:40:40,378 - INFO -       Processed 2,570,000 documents
2026-01-03 01:40:41,130 - INFO -       Processed 2,580,000 documents
2026-01-03 01:40:41,869 - INFO -       Processed 2,590,000 documents
2026-01-03 01:40:42,625 - INFO -       Processed 2,600,000 documents
2026-01-03 01:40:43,373 - INFO -       Processed 2,610,000 documents
2026-01-03 01:40:44,122 - INFO -       Processed 2,620,000 documents
2026-01-03 01:40:44,875 - INFO -       Processed 2,630,000 documents
2026-01-03 01:40:45,626 - INFO -       Processed 2,640,000 documents
2026-01-03 01:40:46,385 - INFO -       Processed 2,650,000 documents
2026-01-03 01:40:47,135 - INFO -       Processed 2,660,000 documents
2026-01-03 01:40:47,873 - INFO -       Processed 2,670,000 documents
2026-01-03 01:40:48,607 - INFO -       Processed 2,680,000 documents
2026-01-03 01:40:49,374 - INFO -       Processed 2,690,000 documents
2026-01-03 01:40:50,168 - INFO -       Processed 2,700,000 documents
2026-01-03 01:40:50,938 - INFO -       Processed 2,710,000 documents
2026-01-03 01:40:51,726 - INFO -       Processed 2,720,000 documents
2026-01-03 01:40:52,576 - INFO -       Processed 2,730,000 documents
2026-01-03 01:40:53,357 - INFO -       Processed 2,740,000 documents
2026-01-03 01:40:54,102 - INFO -       Processed 2,750,000 documents
2026-01-03 01:40:54,859 - INFO -       Processed 2,760,000 documents
2026-01-03 01:40:55,629 - INFO -       Processed 2,770,000 documents
2026-01-03 01:40:56,458 - INFO -       Processed 2,780,000 documents
2026-01-03 01:40:57,232 - INFO -       Processed 2,790,000 documents
2026-01-03 01:40:58,005 - INFO -       Processed 2,800,000 documents
2026-01-03 01:40:58,780 - INFO -       Processed 2,810,000 documents
2026-01-03 01:40:59,565 - INFO -       Processed 2,820,000 documents
2026-01-03 01:41:00,356 - INFO -       Processed 2,830,000 documents
2026-01-03 01:41:01,141 - INFO -       Processed 2,840,000 documents
2026-01-03 01:41:01,904 - INFO -       Processed 2,850,000 documents
2026-01-03 01:41:02,682 - INFO -       Processed 2,860,000 documents
2026-01-03 01:41:03,442 - INFO -       Processed 2,870,000 documents
2026-01-03 01:41:04,212 - INFO -       Processed 2,880,000 documents
2026-01-03 01:41:04,989 - INFO -       Processed 2,890,000 documents
2026-01-03 01:41:05,788 - INFO -       Processed 2,900,000 documents
2026-01-03 01:41:06,560 - INFO -       Processed 2,910,000 documents
2026-01-03 01:41:07,339 - INFO -       Processed 2,920,000 documents
2026-01-03 01:41:08,102 - INFO -       Processed 2,930,000 documents
2026-01-03 01:41:08,852 - INFO -       Processed 2,940,000 documents
2026-01-03 01:41:09,584 - INFO -       Processed 2,950,000 documents
2026-01-03 01:41:10,338 - INFO -       Processed 2,960,000 documents
2026-01-03 01:41:11,103 - INFO -       Processed 2,970,000 documents
2026-01-03 01:41:11,849 - INFO -       Processed 2,980,000 documents
2026-01-03 01:41:12,638 - INFO -       Processed 2,990,000 documents
2026-01-03 01:41:13,425 - INFO -       Processed 3,000,000 documents
2026-01-03 01:41:14,228 - INFO -       Processed 3,010,000 documents
2026-01-03 01:41:15,031 - INFO -       Processed 3,020,000 documents
2026-01-03 01:41:15,845 - INFO -       Processed 3,030,000 documents
2026-01-03 01:41:16,644 - INFO -       Processed 3,040,000 documents
2026-01-03 01:41:17,437 - INFO -       Processed 3,050,000 documents
2026-01-03 01:41:18,249 - INFO -       Processed 3,060,000 documents
2026-01-03 01:41:19,051 - INFO -       Processed 3,070,000 documents
2026-01-03 01:41:19,842 - INFO -       Processed 3,080,000 documents
2026-01-03 01:41:20,625 - INFO -       Processed 3,090,000 documents
2026-01-03 01:41:21,391 - INFO -       Processed 3,100,000 documents
2026-01-03 01:41:22,180 - INFO -       Processed 3,110,000 documents
2026-01-03 01:41:22,952 - INFO -       Processed 3,120,000 documents
2026-01-03 01:41:23,718 - INFO -       Processed 3,130,000 documents
2026-01-03 01:41:24,501 - INFO -       Processed 3,140,000 documents
2026-01-03 01:41:25,260 - INFO -       Processed 3,150,000 documents
2026-01-03 01:41:26,040 - INFO -       Processed 3,160,000 documents
2026-01-03 01:41:26,820 - INFO -       Processed 3,170,000 documents
2026-01-03 01:41:27,604 - INFO -       Processed 3,180,000 documents
2026-01-03 01:41:28,371 - INFO -       Processed 3,190,000 documents
2026-01-03 01:41:29,152 - INFO -       Processed 3,200,000 documents
2026-01-03 01:41:29,952 - INFO -       Processed 3,210,000 documents
2026-01-03 01:41:30,759 - INFO -       Processed 3,220,000 documents
2026-01-03 01:41:31,563 - INFO -       Processed 3,230,000 documents
2026-01-03 01:41:32,340 - INFO -       Processed 3,240,000 documents
2026-01-03 01:41:33,133 - INFO -       Processed 3,250,000 documents
2026-01-03 01:41:33,921 - INFO -       Processed 3,260,000 documents
2026-01-03 01:41:34,706 - INFO -       Processed 3,270,000 documents
2026-01-03 01:41:35,489 - INFO -       Processed 3,280,000 documents
2026-01-03 01:41:36,293 - INFO -       Processed 3,290,000 documents
2026-01-03 01:41:37,106 - INFO -       Processed 3,300,000 documents
2026-01-03 01:41:37,918 - INFO -       Processed 3,310,000 documents
2026-01-03 01:41:38,736 - INFO -       Processed 3,320,000 documents
2026-01-03 01:41:39,568 - INFO -       Processed 3,330,000 documents
2026-01-03 01:41:40,374 - INFO -       Processed 3,340,000 documents
2026-01-03 01:41:41,172 - INFO -       Processed 3,350,000 documents
2026-01-03 01:41:41,945 - INFO -       Processed 3,360,000 documents
2026-01-03 01:41:42,754 - INFO -       Processed 3,370,000 documents
2026-01-03 01:41:43,567 - INFO -       Processed 3,380,000 documents
2026-01-03 01:41:44,374 - INFO -       Processed 3,390,000 documents
2026-01-03 01:41:45,172 - INFO -       Processed 3,400,000 documents
2026-01-03 01:41:45,984 - INFO -       Processed 3,410,000 documents
2026-01-03 01:41:46,787 - INFO -       Processed 3,420,000 documents
2026-01-03 01:41:47,575 - INFO -       Processed 3,430,000 documents
2026-01-03 01:41:48,381 - INFO -       Processed 3,440,000 documents
2026-01-03 01:41:49,201 - INFO -       Processed 3,450,000 documents
2026-01-03 01:41:50,032 - INFO -       Processed 3,460,000 documents
2026-01-03 01:41:50,863 - INFO -       Processed 3,470,000 documents
2026-01-03 01:41:51,672 - INFO -       Processed 3,480,000 documents
2026-01-03 01:41:52,483 - INFO -       Processed 3,490,000 documents
2026-01-03 01:41:53,300 - INFO -       Processed 3,500,000 documents
2026-01-03 01:41:54,115 - INFO -       Processed 3,510,000 documents
2026-01-03 01:41:54,926 - INFO -       Processed 3,520,000 documents
2026-01-03 01:41:55,750 - INFO -       Processed 3,530,000 documents
2026-01-03 01:41:56,545 - INFO -       Processed 3,540,000 documents
2026-01-03 01:41:57,358 - INFO -       Processed 3,550,000 documents
2026-01-03 01:41:58,159 - INFO -       Processed 3,560,000 documents
2026-01-03 01:41:58,956 - INFO -       Processed 3,570,000 documents
2026-01-03 01:41:59,753 - INFO -       Processed 3,580,000 documents
2026-01-03 01:42:00,537 - INFO -       Processed 3,590,000 documents
2026-01-03 01:42:01,313 - INFO -       Processed 3,600,000 documents
2026-01-03 01:42:02,109 - INFO -       Processed 3,610,000 documents
2026-01-03 01:42:02,918 - INFO -       Processed 3,620,000 documents
2026-01-03 01:42:03,730 - INFO -       Processed 3,630,000 documents
2026-01-03 01:42:04,504 - INFO -       Processed 3,640,000 documents
2026-01-03 01:42:05,307 - INFO -       Processed 3,650,000 documents
2026-01-03 01:42:06,101 - INFO -       Processed 3,660,000 documents
2026-01-03 01:42:06,922 - INFO -       Processed 3,670,000 documents
2026-01-03 01:42:07,724 - INFO -       Processed 3,680,000 documents
2026-01-03 01:42:08,518 - INFO -       Processed 3,690,000 documents
2026-01-03 01:42:09,334 - INFO -       Processed 3,700,000 documents
2026-01-03 01:42:10,153 - INFO -       Processed 3,710,000 documents
2026-01-03 01:42:10,992 - INFO -       Processed 3,720,000 documents
2026-01-03 01:42:11,825 - INFO -       Processed 3,730,000 documents
2026-01-03 01:42:12,624 - INFO -       Processed 3,740,000 documents
2026-01-03 01:42:13,397 - INFO -       Processed 3,750,000 documents
2026-01-03 01:42:14,172 - INFO -       Processed 3,760,000 documents
2026-01-03 01:42:14,936 - INFO -       Processed 3,770,000 documents
2026-01-03 01:42:15,706 - INFO -       Processed 3,780,000 documents
2026-01-03 01:42:16,462 - INFO -       Processed 3,790,000 documents
2026-01-03 01:42:17,218 - INFO -       Processed 3,800,000 documents
2026-01-03 01:42:17,971 - INFO -       Processed 3,810,000 documents
2026-01-03 01:42:18,748 - INFO -       Processed 3,820,000 documents
2026-01-03 01:42:19,534 - INFO -       Processed 3,830,000 documents
2026-01-03 01:42:20,314 - INFO -       Processed 3,840,000 documents
2026-01-03 01:42:21,071 - INFO -       Processed 3,850,000 documents
2026-01-03 01:42:21,851 - INFO -       Processed 3,860,000 documents
2026-01-03 01:42:22,618 - INFO -       Processed 3,870,000 documents
2026-01-03 01:42:23,386 - INFO -       Processed 3,880,000 documents
2026-01-03 01:42:24,168 - INFO -       Processed 3,890,000 documents
2026-01-03 01:42:24,916 - INFO -       Processed 3,900,000 documents
2026-01-03 01:42:25,675 - INFO -       Processed 3,910,000 documents
2026-01-03 01:42:26,435 - INFO -       Processed 3,920,000 documents
2026-01-03 01:42:27,206 - INFO -       Processed 3,930,000 documents
2026-01-03 01:42:27,956 - INFO -       Processed 3,940,000 documents
2026-01-03 01:42:28,697 - INFO -       Processed 3,950,000 documents
2026-01-03 01:42:29,437 - INFO -       Processed 3,960,000 documents
2026-01-03 01:42:30,177 - INFO -       Processed 3,970,000 documents
2026-01-03 01:42:30,904 - INFO -       Processed 3,980,000 documents
2026-01-03 01:42:31,642 - INFO -       Processed 3,990,000 documents
2026-01-03 01:42:32,407 - INFO -       Processed 4,000,000 documents
2026-01-03 01:42:33,187 - INFO -       Processed 4,010,000 documents
2026-01-03 01:42:33,967 - INFO -       Processed 4,020,000 documents
2026-01-03 01:42:34,762 - INFO -       Processed 4,030,000 documents
2026-01-03 01:42:35,544 - INFO -       Processed 4,040,000 documents
2026-01-03 01:42:36,335 - INFO -       Processed 4,050,000 documents
2026-01-03 01:42:37,113 - INFO -       Processed 4,060,000 documents
2026-01-03 01:42:37,884 - INFO -       Processed 4,070,000 documents
2026-01-03 01:42:38,648 - INFO -       Processed 4,080,000 documents
2026-01-03 01:42:39,414 - INFO -       Processed 4,090,000 documents
2026-01-03 01:42:40,180 - INFO -       Processed 4,100,000 documents
2026-01-03 01:42:40,950 - INFO -       Processed 4,110,000 documents
2026-01-03 01:42:41,711 - INFO -       Processed 4,120,000 documents
2026-01-03 01:42:42,470 - INFO -       Processed 4,130,000 documents
2026-01-03 01:42:43,248 - INFO -       Processed 4,140,000 documents
2026-01-03 01:42:44,020 - INFO -       Processed 4,150,000 documents
2026-01-03 01:42:44,794 - INFO -       Processed 4,160,000 documents
2026-01-03 01:42:45,570 - INFO -       Processed 4,170,000 documents
2026-01-03 01:42:46,364 - INFO -       Processed 4,180,000 documents
2026-01-03 01:42:47,135 - INFO -       Processed 4,190,000 documents
2026-01-03 01:42:47,921 - INFO -       Processed 4,200,000 documents
2026-01-03 01:42:48,709 - INFO -       Processed 4,210,000 documents
2026-01-03 01:42:49,504 - INFO -       Processed 4,220,000 documents
2026-01-03 01:42:55,098 - INFO -     SUBJ: (4229277, 64)
2026-01-03 01:42:55,100 - INFO -     VERB: (4229277, 64)
2026-01-03 01:42:55,101 - INFO -     OBJ: (4229277, 64)
2026-01-03 01:42:55,101 - INFO -     full: (4229277, 64)
2026-01-03 01:42:55,103 - INFO -   ✓ Retriever initialized in 668.8s
2026-01-03 01:42:55,103 - INFO - 
2026-01-03 01:42:55,103 - INFO -   Starting benchmark run (50 queries)...
2026-01-03 01:42:55,103 - INFO - 
2026-01-03 01:42:55,103 - INFO - Benchmarking MemoryMappedSlotRetriever
2026-01-03 01:45:35,220 - INFO -   [1/50] | Latency: 160090.0ms | Recall: 0.000 | Memory: 14714MB | ETA: 130m 45s | 📈 mem spike: +3446MB ⏰ 1min
2026-01-03 01:48:29,958 - INFO -   [2/50] | Latency: 167410.1ms | Recall: 0.000 | Memory: 14888MB | ETA: 133m 56s | 📈 mem spike: +174MB ⏰ 1min
2026-01-03 01:51:08,443 - INFO -   [3/50] | Latency: 164435.2ms | Recall: 0.333 | Memory: 14922MB | ETA: 128m 48s | ⏰ 1min
2026-01-03 01:53:31,344 - INFO -   [4/50] | Latency: 159049.8ms | Recall: 0.250 | Memory: 14888MB | ETA: 121m 56s | ⏰ 1min
2026-01-03 01:56:26,154 - INFO -   [5/50] | Latency: 162201.8ms | Recall: 0.200 | Memory: 14935MB | ETA: 121m 39s | ⏰ 1min
2026-01-03 01:59:22,376 - INFO -   [6/50] | Latency: 165428.1ms | Recall: 0.200 | Memory: 14945MB | ETA: 120m 39s | ⏰ 1min
