2026-01-03 08:11:06,507 - INFO - ============================================================
2026-01-03 08:11:06,507 - INFO - Loading benchmark queries
2026-01-03 08:11:06,507 - INFO - ============================================================
2026-01-03 08:11:06,507 - INFO - ✓ Loaded 20 queries from benchmark_results/queries_20260103_081055.jsonl
2026-01-03 08:11:06,507 - INFO - 
2026-01-03 08:11:06,507 - INFO - ============================================================
2026-01-03 08:11:06,507 - INFO - Initializing indexer (loading embedding models)
2026-01-03 08:11:06,507 - INFO - ============================================================
2026-01-03 08:11:06,507 - INFO -   Root model: models/root_embeddings/best_model.pt
2026-01-03 08:11:06,507 - INFO -   Affix model: models/affix_transforms_v2/best_model.pt
2026-01-03 08:11:06,507 - INFO - Loading root embeddings from models/root_embeddings/best_model.pt
2026-01-03 08:11:06,518 - INFO -   Loaded 11121 roots, 64d
2026-01-03 08:11:06,518 - INFO - Loading affix transforms from models/affix_transforms_v2/best_model.pt
2026-01-03 08:11:06,540 - INFO -   Loaded 12 prefix, 29 suffix transforms
2026-01-03 08:11:06,542 - INFO - ✓ Indexer loaded in 0.0s
2026-01-03 08:11:06,542 - INFO - 
2026-01-03 08:11:06,542 - INFO - ============================================================
2026-01-03 08:11:06,542 - INFO - Benchmarking: multifaiss
2026-01-03 08:11:06,542 - INFO - ============================================================
2026-01-03 08:11:06,543 - INFO -   Initializing multifaiss retriever...
2026-01-03 08:11:06,543 - INFO - Loading multi-FAISS indexes from data/indexes/slot_test
2026-01-03 08:11:06,543 - INFO -   SUBJ: 589 vectors
2026-01-03 08:11:06,543 - INFO -   VERB: 754 vectors
2026-01-03 08:11:06,544 - INFO -   OBJ: 248 vectors
2026-01-03 08:11:06,627 - INFO -   Loaded 1,000 documents
2026-01-03 08:11:06,627 - INFO -   ✓ Retriever initialized in 0.1s
2026-01-03 08:11:06,627 - INFO - 
2026-01-03 08:11:06,627 - INFO -   Starting benchmark run (20 queries)...
2026-01-03 08:11:06,627 - INFO - 
2026-01-03 08:11:06,627 - INFO - Benchmarking MultiFAISSSlotRetriever
2026-01-03 08:11:06,634 - INFO -   [5/20] | Latency: 1.1ms | Recall: 0.600 | Memory: 683MB | ETA: 0s
2026-01-03 08:11:06,640 - INFO -   [10/20] | Latency: 0.9ms | Recall: 0.800 | Memory: 683MB | ETA: 0s | 💾 checkpoint
2026-01-03 08:11:06,646 - INFO -   [15/20] | Latency: 0.9ms | Recall: 1.000 | Memory: 683MB | ETA: 0s
2026-01-03 08:11:06,650 - INFO -   [18/20] | Latency: 1.1ms | Recall: 0.800 | Memory: 683MB | ETA: 0s | ⚠ slow query: 2ms
2026-01-03 08:11:06,654 - INFO -   [20/20] | Latency: 1.3ms | Recall: 0.600 | Memory: 683MB | ETA: 0s | 💾 checkpoint
2026-01-03 08:11:06,662 - INFO - 
2026-01-03 08:11:06,662 - INFO -   ✓ Benchmark completed in 0.0s
2026-01-03 08:11:06,662 - INFO -   Saved results to benchmark_results/multifaiss_results.json
2026-01-03 08:11:06,662 - INFO - ============================================================
2026-01-03 08:11:06,662 - INFO - RESULTS SUMMARY: multifaiss
2026-01-03 08:11:06,662 - INFO - ============================================================
2026-01-03 08:11:06,662 - INFO - 
2026-01-03 08:11:06,662 - INFO - Latency Metrics:
2026-01-03 08:11:06,662 - INFO -   Mean:         1.05 ms
2026-01-03 08:11:06,662 - INFO -   Median:       0.96 ms
2026-01-03 08:11:06,662 - INFO -   P95:          2.06 ms
2026-01-03 08:11:06,662 - INFO -   P99:          2.18 ms
2026-01-03 08:11:06,662 - INFO -   Range:        0.50 - 2.21 ms
2026-01-03 08:11:06,662 - INFO - 
2026-01-03 08:11:06,662 - INFO - Memory Usage:
2026-01-03 08:11:06,662 - INFO -   Peak:        682.9 MB
2026-01-03 08:11:06,663 - INFO -   Delta:         3.4 MB (increase from baseline)
2026-01-03 08:11:06,663 - INFO - 
2026-01-03 08:11:06,663 - INFO - Accuracy Metrics:
2026-01-03 08:11:06,663 - INFO -   Recall@10:   0.750 (75.0%)
2026-01-03 08:11:06,663 - INFO -   MRR:         0.559
2026-01-03 08:11:06,663 - INFO -   NDCG@10:     0.603
2026-01-03 08:11:06,663 - INFO - 
2026-01-03 08:11:06,663 - INFO - ============================================================
2026-01-03 08:11:06,663 - INFO - 
2026-01-03 08:11:06,663 - INFO - ============================================================
2026-01-03 08:11:06,663 - INFO - Saving results to benchmark_results/multifaiss_20260103_081055.json

====================================================================================================
FINAL BENCHMARK COMPARISON
====================================================================================================

Index: data/indexes/slot_test
Queries: 20

Solution        Mean (ms)    Median (ms)  P95 (ms)     Memory (MB)  Recall@10   
----------------------------------------------------------------------------------------------------
MultiFAISSSlotRetriever 1.05         0.96         2.06         3.4          0.750       

====================================================================================================

