2026-01-05 08:27:44,778 - INFO - ============================================================
2026-01-05 08:27:44,778 - INFO - Loading benchmark queries
2026-01-05 08:27:44,778 - INFO - ============================================================
2026-01-05 08:27:44,778 - INFO - ✓ Loaded 50 queries from benchmark_results/queries_20260105_082650.jsonl
2026-01-05 08:27:44,778 - INFO - 
2026-01-05 08:27:44,778 - INFO - ============================================================
2026-01-05 08:27:44,778 - INFO - Initializing indexer (loading embedding models)
2026-01-05 08:27:44,778 - INFO - ============================================================
2026-01-05 08:27:44,778 - INFO -   Root model: models/root_embeddings/best_model.pt
2026-01-05 08:27:44,778 - INFO -   Affix model: models/affix_transforms_v2/best_model.pt
2026-01-05 08:27:44,778 - INFO - Loading root embeddings from models/root_embeddings/best_model.pt
2026-01-05 08:27:44,800 - INFO -   Loaded 11121 roots, 64d
2026-01-05 08:27:44,800 - INFO - Loading affix transforms from models/affix_transforms_v2/best_model.pt
2026-01-05 08:27:44,825 - INFO -   Loaded 12 prefix, 29 suffix transforms
2026-01-05 08:27:44,826 - INFO - ✓ Indexer loaded in 0.0s
2026-01-05 08:27:44,826 - INFO - 
2026-01-05 08:27:44,826 - INFO - ============================================================
2026-01-05 08:27:44,826 - INFO - Benchmarking: multifaiss
2026-01-05 08:27:44,826 - INFO - ============================================================
2026-01-05 08:27:44,827 - INFO -   Found existing results for multifaiss, loading from benchmark_results/multifaiss_results.json
2026-01-05 08:27:44,827 - INFO -   Initializing multifaiss retriever...
2026-01-05 08:27:44,827 - INFO - Loading multi-FAISS indexes from data/indexes/slot_full
2026-01-05 08:27:44,829 - INFO -   SUBJ: IVF index with nprobe=32
2026-01-05 08:27:44,842 - INFO -   SUBJ: 3,424,730 vectors (memory-mapped)
2026-01-05 08:27:44,844 - INFO -   VERB: IVF index with nprobe=32
2026-01-05 08:27:44,857 - INFO -   VERB: 3,524,479 vectors (memory-mapped)
2026-01-05 08:27:44,858 - INFO -   OBJ: IVF index with nprobe=32
2026-01-05 08:27:44,865 - INFO -   OBJ: 1,450,632 vectors (memory-mapped)
2026-01-05 08:27:44,865 - INFO -   Building document offset index for lazy loading...
2026-01-05 08:27:47,502 - INFO -     Indexed 500,000 document offsets...
2026-01-05 08:27:49,983 - INFO -     Indexed 1,000,000 document offsets...
2026-01-05 08:27:52,528 - INFO -     Indexed 1,500,000 document offsets...
2026-01-05 08:27:54,999 - INFO -     Indexed 2,000,000 document offsets...
2026-01-05 08:27:57,486 - INFO -     Indexed 2,500,000 document offsets...
2026-01-05 08:27:59,971 - INFO -     Indexed 3,000,000 document offsets...
2026-01-05 08:28:02,417 - INFO -     Indexed 3,500,000 document offsets...
2026-01-05 08:28:04,812 - INFO -     Indexed 4,000,000 document offsets...
2026-01-05 08:28:06,607 - INFO -   Built offset index for 4,371,718 documents
2026-01-05 08:28:06,607 - INFO -   ✓ Retriever initialized in 21.8s
2026-01-05 08:28:06,607 - INFO - 
2026-01-05 08:28:06,607 - INFO -   Starting benchmark run (50 queries)...
2026-01-05 08:28:06,607 - INFO - 
2026-01-05 08:28:06,607 - INFO - Benchmarking MultiFAISSSlotRetriever
2026-01-05 08:28:07,303 - INFO -   [2/50] | Latency: 347.3ms | Recall: 0.000 | Memory: 1348MB | ETA: 16s | 📈 mem spike: +306MB
2026-01-05 08:28:07,728 - INFO -   [5/50] | Latency: 223.7ms | Recall: 0.000 | Memory: 1433MB | ETA: 10s
2026-01-05 08:28:08,448 - INFO -   [10/50] | Latency: 143.7ms | Recall: 0.000 | Memory: 1548MB | ETA: 7s | 💾 checkpoint
2026-01-05 08:28:09,130 - INFO -   [15/50] | Latency: 136.0ms | Recall: 0.000 | Memory: 1714MB | ETA: 5s
2026-01-05 08:28:09,504 - INFO -   [16/50] | Latency: 164.8ms | Recall: 0.000 | Memory: 1743MB | ETA: 6s | ⚠ slow query: 373ms
2026-01-05 08:28:09,915 - INFO -   [20/50] | Latency: 156.4ms | Recall: 0.000 | Memory: 1778MB | ETA: 4s | 💾 checkpoint
2026-01-05 08:28:10,705 - INFO -   [25/50] | Latency: 157.6ms | Recall: 0.000 | Memory: 1912MB | ETA: 4s
2026-01-05 08:28:11,618 - INFO -   [30/50] | Latency: 178.5ms | Recall: 0.000 | Memory: 1916MB | ETA: 3s | 💾 checkpoint
2026-01-05 08:28:12,273 - INFO -   [35/50] | Latency: 128.4ms | Recall: 0.000 | Memory: 1890MB | ETA: 2s
2026-01-05 08:28:13,219 - INFO -   [40/50] | Latency: 188.7ms | Recall: 0.000 | Memory: 1854MB | ETA: 1s | 💾 checkpoint
2026-01-05 08:28:14,275 - INFO -   [45/50] | Latency: 210.7ms | Recall: 0.000 | Memory: 1787MB | ETA: 0s
2026-01-05 08:28:14,834 - INFO -   [50/50] | Latency: 111.2ms | Recall: 0.000 | Memory: 1783MB | ETA: 0s | 💾 checkpoint
2026-01-05 08:28:14,985 - INFO - 
2026-01-05 08:28:14,985 - INFO -   ✓ Benchmark completed in 8.4s
2026-01-05 08:28:14,986 - INFO -   Saved results to benchmark_results/multifaiss_results.json
2026-01-05 08:28:14,986 - INFO - ============================================================
2026-01-05 08:28:14,986 - INFO - RESULTS SUMMARY: multifaiss
2026-01-05 08:28:14,986 - INFO - ============================================================
2026-01-05 08:28:14,987 - INFO - 
2026-01-05 08:28:14,987 - INFO - Latency Metrics:
2026-01-05 08:28:14,987 - INFO -   Mean:       163.51 ms
2026-01-05 08:28:14,987 - INFO -   Median:     151.29 ms
2026-01-05 08:28:14,987 - INFO -   P95:        277.28 ms
2026-01-05 08:28:14,987 - INFO -   P99:        389.74 ms
2026-01-05 08:28:14,987 - INFO -   Range:       54.12 - 405.78 ms
2026-01-05 08:28:14,987 - INFO - 
2026-01-05 08:28:14,987 - INFO - Memory Usage:
2026-01-05 08:28:14,987 - INFO -   Peak:       1936.9 MB
2026-01-05 08:28:14,987 - INFO -   Delta:       982.1 MB (increase from baseline)
2026-01-05 08:28:14,987 - INFO - 
2026-01-05 08:28:14,987 - INFO - Accuracy Metrics:
2026-01-05 08:28:14,987 - INFO -   Recall@10:   0.000 (0.0%)
2026-01-05 08:28:14,987 - INFO -   MRR:         0.000
2026-01-05 08:28:14,988 - INFO -   NDCG@10:     0.000
2026-01-05 08:28:14,988 - INFO - 
2026-01-05 08:28:14,988 - INFO - ============================================================
2026-01-05 08:28:14,988 - INFO - 
2026-01-05 08:28:14,988 - INFO - ============================================================
2026-01-05 08:28:14,988 - INFO - Saving results to benchmark_results/multifaiss_20260105_082650.json

====================================================================================================
FINAL BENCHMARK COMPARISON
====================================================================================================

Index: data/indexes/slot_full
Queries: 50

Solution        Mean (ms)    Median (ms)  P95 (ms)     Memory (MB)  Recall@10   
----------------------------------------------------------------------------------------------------
MultiFAISSSlotRetriever 163.51       151.29       277.28       982.1        0.000       

====================================================================================================

