2026-01-03 01:15:24,302 - INFO - ============================================================
2026-01-03 01:15:24,303 - INFO - Loading benchmark queries
2026-01-03 01:15:24,303 - INFO - ============================================================
2026-01-03 01:15:24,303 - INFO - ✓ Loaded 50 queries from benchmark_results/queries_20260103_004515.jsonl
2026-01-03 01:15:24,303 - INFO - 
2026-01-03 01:15:24,303 - INFO - ============================================================
2026-01-03 01:15:24,303 - INFO - Initializing indexer (loading embedding models)
2026-01-03 01:15:24,303 - INFO - ============================================================
2026-01-03 01:15:24,303 - INFO -   Root model: models/root_embeddings/best_model.pt
2026-01-03 01:15:24,303 - INFO -   Affix model: models/affix_transforms_v2/best_model.pt
2026-01-03 01:15:24,303 - INFO - Loading root embeddings from models/root_embeddings/best_model.pt
2026-01-03 01:15:24,325 - INFO -   Loaded 11121 roots, 64d
2026-01-03 01:15:24,325 - INFO - Loading affix transforms from models/affix_transforms_v2/best_model.pt
2026-01-03 01:15:24,349 - INFO -   Loaded 12 prefix, 29 suffix transforms
2026-01-03 01:15:24,351 - INFO - ✓ Indexer loaded in 0.0s
2026-01-03 01:15:24,351 - INFO - 
2026-01-03 01:15:24,351 - INFO - ============================================================
2026-01-03 01:15:24,351 - INFO - Benchmarking: sqlite
2026-01-03 01:15:24,351 - INFO - ============================================================
2026-01-03 01:15:24,351 - INFO -   Initializing sqlite retriever...
2026-01-03 01:15:24,351 - INFO - Initializing SQLite database at data/indexes/slot_full/slot_index.db
2026-01-03 01:15:24,351 - INFO -   Database not found, creating...
2026-01-03 01:22:42,114 - INFO -   Created SQLite database with 277 documents
2026-01-03 01:22:42,126 - INFO -   Loaded 4,229,277 documents
2026-01-03 01:22:42,126 - INFO -   ✓ Retriever initialized in 437.8s
2026-01-03 01:22:42,126 - INFO - 
2026-01-03 01:22:42,126 - INFO -   Starting benchmark run (50 queries)...
2026-01-03 01:22:42,126 - INFO - 
2026-01-03 01:22:42,126 - INFO - Benchmarking SQLiteSlotRetriever
2026-01-03 01:22:42,902 - INFO -   [5/50] | Latency: 154.9ms | Recall: 0.000 | Memory: 681MB | ETA: 6s
2026-01-03 01:22:43,715 - INFO -   [10/50] | Latency: 162.3ms | Recall: 0.000 | Memory: 681MB | ETA: 6s | 💾 checkpoint
2026-01-03 01:22:44,412 - INFO -   [15/50] | Latency: 138.9ms | Recall: 0.000 | Memory: 681MB | ETA: 5s
2026-01-03 01:22:45,115 - INFO -   [20/50] | Latency: 140.2ms | Recall: 0.000 | Memory: 681MB | ETA: 4s | 💾 checkpoint
2026-01-03 01:22:45,852 - INFO -   [25/50] | Latency: 147.2ms | Recall: 0.000 | Memory: 681MB | ETA: 3s
2026-01-03 01:22:46,712 - INFO -   [30/50] | Latency: 171.7ms | Recall: 0.000 | Memory: 681MB | ETA: 3s | 💾 checkpoint
2026-01-03 01:22:47,436 - INFO -   [35/50] | Latency: 144.5ms | Recall: 0.000 | Memory: 681MB | ETA: 2s
2026-01-03 01:22:48,186 - INFO -   [40/50] | Latency: 149.5ms | Recall: 0.000 | Memory: 681MB | ETA: 1s | 💾 checkpoint
2026-01-03 01:22:48,950 - INFO -   [45/50] | Latency: 152.4ms | Recall: 0.000 | Memory: 681MB | ETA: 0s
2026-01-03 01:22:49,756 - INFO -   [50/50] | Latency: 160.8ms | Recall: 0.000 | Memory: 681MB | ETA: 0s | 💾 checkpoint
2026-01-03 01:22:49,779 - INFO - 
2026-01-03 01:22:49,779 - INFO -   ✓ Benchmark completed in 7.7s
2026-01-03 01:22:49,780 - INFO -   Saved results to benchmark_results/sqlite_results.json
2026-01-03 01:22:49,780 - INFO - ============================================================
2026-01-03 01:22:49,780 - INFO - RESULTS SUMMARY: sqlite
2026-01-03 01:22:49,780 - INFO - ============================================================
2026-01-03 01:22:49,780 - INFO - 
2026-01-03 01:22:49,780 - INFO - Latency Metrics:
2026-01-03 01:22:49,780 - INFO -   Mean:       152.25 ms
2026-01-03 01:22:49,780 - INFO -   Median:     129.05 ms
2026-01-03 01:22:49,780 - INFO -   P95:        238.87 ms
2026-01-03 01:22:49,780 - INFO -   P99:        246.15 ms
2026-01-03 01:22:49,780 - INFO -   Range:      101.94 - 247.56 ms
2026-01-03 01:22:49,780 - INFO - 
2026-01-03 01:22:49,780 - INFO - Memory Usage:
2026-01-03 01:22:49,780 - INFO -   Peak:        680.6 MB
2026-01-03 01:22:49,780 - INFO -   Delta:        13.6 MB (increase from baseline)
2026-01-03 01:22:49,780 - INFO - 
2026-01-03 01:22:49,780 - INFO - Accuracy Metrics:
2026-01-03 01:22:49,780 - INFO -   Recall@10:   0.000 (0.0%)
2026-01-03 01:22:49,780 - INFO -   MRR:         0.000
2026-01-03 01:22:49,780 - INFO -   NDCG@10:     0.000
2026-01-03 01:22:49,780 - INFO - 
2026-01-03 01:22:49,780 - INFO - ============================================================
2026-01-03 01:22:49,780 - INFO - 
2026-01-03 01:22:49,781 - INFO - ============================================================
2026-01-03 01:22:49,781 - INFO - Saving results to benchmark_results/sqlite_20260103_004515.json

====================================================================================================
FINAL BENCHMARK COMPARISON
====================================================================================================

Index: data/indexes/slot_full
Queries: 50

Solution        Mean (ms)    Median (ms)  P95 (ms)     Memory (MB)  Recall@10   
----------------------------------------------------------------------------------------------------
SQLiteSlotRetriever 152.25       129.05       238.87       13.6         0.000       

====================================================================================================

