2026-01-03 08:11:09,962 - INFO - ============================================================
2026-01-03 08:11:09,962 - INFO - Loading benchmark queries
2026-01-03 08:11:09,962 - INFO - ============================================================
2026-01-03 08:11:09,962 - INFO - ✓ Loaded 20 queries from benchmark_results/queries_20260103_081055.jsonl
2026-01-03 08:11:09,962 - INFO - 
2026-01-03 08:11:09,962 - INFO - ============================================================
2026-01-03 08:11:09,962 - INFO - Initializing indexer (loading embedding models)
2026-01-03 08:11:09,962 - INFO - ============================================================
2026-01-03 08:11:09,962 - INFO -   Root model: models/root_embeddings/best_model.pt
2026-01-03 08:11:09,962 - INFO -   Affix model: models/affix_transforms_v2/best_model.pt
2026-01-03 08:11:09,962 - INFO - Loading root embeddings from models/root_embeddings/best_model.pt
2026-01-03 08:11:09,973 - INFO -   Loaded 11121 roots, 64d
2026-01-03 08:11:09,973 - INFO - Loading affix transforms from models/affix_transforms_v2/best_model.pt
2026-01-03 08:11:09,998 - INFO -   Loaded 12 prefix, 29 suffix transforms
2026-01-03 08:11:09,999 - INFO - ✓ Indexer loaded in 0.0s
2026-01-03 08:11:09,999 - INFO - 
2026-01-03 08:11:09,999 - INFO - ============================================================
2026-01-03 08:11:10,000 - INFO - Benchmarking: sqlite
2026-01-03 08:11:10,000 - INFO - ============================================================
2026-01-03 08:11:10,000 - INFO -   Found existing results for sqlite, loading from benchmark_results/sqlite_results.json
2026-01-03 08:11:10,006 - INFO -   Initializing sqlite retriever...
2026-01-03 08:11:10,006 - INFO - Initializing SQLite database at data/indexes/slot_test/slot_index.db
2026-01-03 08:11:10,006 - INFO -   Database exists, connecting...
2026-01-03 08:11:10,007 - INFO -   Loaded 1,000 documents
2026-01-03 08:11:10,007 - INFO -   ✓ Retriever initialized in 0.0s
2026-01-03 08:11:10,007 - INFO - 
2026-01-03 08:11:10,007 - INFO -   Starting benchmark run (20 queries)...
2026-01-03 08:11:10,007 - INFO - 
2026-01-03 08:11:10,007 - INFO - Benchmarking SQLiteSlotRetriever
2026-01-03 08:11:10,132 - INFO -   [5/20] | Latency: 24.7ms | Recall: 0.800 | Memory: 676MB | ETA: 0s
2026-01-03 08:11:10,252 - INFO -   [10/20] | Latency: 23.6ms | Recall: 0.800 | Memory: 676MB | ETA: 0s | 💾 checkpoint
2026-01-03 08:11:10,411 - INFO -   [11/20] | Latency: 50.3ms | Recall: 1.000 | Memory: 676MB | ETA: 0s | ⚠ slow query: 158ms
2026-01-03 08:11:10,510 - INFO -   [15/20] | Latency: 51.2ms | Recall: 1.000 | Memory: 676MB | ETA: 0s
2026-01-03 08:11:10,632 - INFO -   [20/20] | Latency: 24.0ms | Recall: 0.800 | Memory: 676MB | ETA: 0s | 💾 checkpoint
2026-01-03 08:11:10,637 - INFO - 
2026-01-03 08:11:10,637 - INFO -   ✓ Benchmark completed in 0.6s
2026-01-03 08:11:10,638 - INFO -   Saved results to benchmark_results/sqlite_results.json
2026-01-03 08:11:10,638 - INFO - ============================================================
2026-01-03 08:11:10,638 - INFO - RESULTS SUMMARY: sqlite
2026-01-03 08:11:10,638 - INFO - ============================================================
2026-01-03 08:11:10,638 - INFO - 
2026-01-03 08:11:10,638 - INFO - Latency Metrics:
2026-01-03 08:11:10,638 - INFO -   Mean:        30.88 ms
2026-01-03 08:11:10,638 - INFO -   Median:      24.50 ms
2026-01-03 08:11:10,638 - INFO -   P95:         37.06 ms
2026-01-03 08:11:10,638 - INFO -   P99:        133.79 ms
2026-01-03 08:11:10,638 - INFO -   Range:       19.43 - 157.97 ms
2026-01-03 08:11:10,638 - INFO - 
2026-01-03 08:11:10,638 - INFO - Memory Usage:
2026-01-03 08:11:10,638 - INFO -   Peak:        675.8 MB
2026-01-03 08:11:10,638 - INFO -   Delta:         5.4 MB (increase from baseline)
2026-01-03 08:11:10,638 - INFO - 
2026-01-03 08:11:10,638 - INFO - Accuracy Metrics:
2026-01-03 08:11:10,638 - INFO -   Recall@10:   0.850 (85.0%)
2026-01-03 08:11:10,638 - INFO -   MRR:         0.810
2026-01-03 08:11:10,638 - INFO -   NDCG@10:     0.819
2026-01-03 08:11:10,638 - INFO - 
2026-01-03 08:11:10,638 - INFO - ============================================================
2026-01-03 08:11:10,638 - INFO - 
2026-01-03 08:11:10,638 - INFO - ============================================================
2026-01-03 08:11:10,639 - INFO - Saving results to benchmark_results/sqlite_20260103_081055.json

====================================================================================================
FINAL BENCHMARK COMPARISON
====================================================================================================

Index: data/indexes/slot_test
Queries: 20

Solution        Mean (ms)    Median (ms)  P95 (ms)     Memory (MB)  Recall@10   
----------------------------------------------------------------------------------------------------
SQLiteSlotRetriever 30.88        24.50        37.06        5.4          0.850       

====================================================================================================

